2026-09-18T23:38:12	INICIO	5 pendientes
2026-09-18T23:38:13	OK	7-de-julio-tinta-y-datos.epub	fila 594
2026-09-18T23:38:13	OK	a-fuego-lento-tinta-y-datos.epub	fila 849
2026-09-18T23:38:14	OK	a-mi-madre-tinta-y-datos.epub	fila 639
2026-09-18T23:38:14	OK	a-vuela-pluma-tinta-y-datos.epub	fila 443
2026-09-18T23:38:15	OK	abdala-tinta-y-datos.epub	fila 340
2026-09-18T23:38:15	FIN	ok=5	fallos=0
2026-09-18T23:38:36	INICIO	680 pendientes
2026-09-18T23:38:37	OK	abel-sanchez-tinta-y-datos.epub	fila 264
2026-09-18T23:38:37	OK	abrojos-tinta-y-datos.epub	fila 354
2026-09-18T23:38:38	OK	adolfo-tinta-y-datos.epub	fila 814
2026-09-18T23:38:39	OK	adriana-zumaran-tinta-y-datos.epub	fila 697
2026-09-18T23:38:39	OK	aguafuertes-gallegas-tinta-y-datos.epub	fila 784
2026-09-18T23:38:40	OK	aguafuertes-portenas-tinta-y-datos.epub	fila 778
2026-09-18T23:38:40	OK	aguafuertes-vascas-tinta-y-datos.epub	fila 788
2026-09-18T23:38:41	OK	aguila-de-blason-tinta-y-datos.epub	fila 468
2026-09-18T23:38:42	OK	aita-tettauen-tinta-y-datos.epub	fila 604
2026-09-18T23:38:42	OK	al-margen-tinta-y-datos.epub	fila 347
2026-09-18T23:38:43	OK	algo-de-todo-tinta-y-datos.epub	fila 455
2026-09-18T23:38:43	OK	altazor-tinta-y-datos.epub	fila 308
2026-09-18T23:38:44	OK	alucinacion-tinta-y-datos.epub	fila 397
2026-09-18T23:38:45	OK	amadeo-i-tinta-y-datos.epub	fila 595
2026-09-18T23:38:45	OK	amadis-tinta-y-datos.epub	fila 391
2026-09-18T23:38:46	OK	amalia-tinta-y-datos.epub	fila 695
2026-09-18T23:38:47	OK	amistad-funesta-tinta-y-datos.epub	fila 341
2026-09-18T23:38:47	OK	amnesia-tinta-y-datos.epub	fila 524
2026-09-18T23:38:48	OK	amor-con-amor-se-paga-tinta-y-datos.epub	fila 342
2026-09-18T23:38:48	OK	amor-de-nino-tinta-y-datos.epub	fila 836
2026-09-18T23:38:49	OK	amor-y-pedagogia-tinta-y-datos.epub	fila 280
2026-09-18T23:38:50	OK	anaconda-y-otros-cuentos-tinta-y-datos.epub	fila 368
2026-09-18T23:38:51	OK	angel-guerra-tinta-y-datos.epub	fila 530
2026-09-18T23:38:51	OK	angelina-tinta-y-datos.epub	fila 810
2026-09-18T23:38:52	OK	antano-i-hogano-tinta-y-datos.epub	fila 254
2026-09-18T23:38:53	OK	antologiapr-tinta-y-datos.epub	fila 971
2026-09-18T23:38:54	OK	ariel-tinta-y-datos.epub	fila 329
2026-09-18T23:38:54	OK	arroz-y-tartana-tinta-y-datos.epub	fila 271
2026-09-18T23:38:55	OK	articulos-ligeros-sobre-asuntos-trascendentales-2-tinta-y-datos.epub	fila 718
2026-09-18T23:38:56	OK	articulos-ligeros-sobre-asuntos-trascendentales-tinta-y-datos.epub	fila 717
2026-09-18T23:38:56	OK	articulos-y-cronicas-quiroga-tinta-y-datos.epub	fila 387
2026-09-18T23:38:57	OK	asclepigenia-tinta-y-datos.epub	fila 453
2026-09-18T23:38:57	OK	aura-o-las-violetas-tinta-y-datos.epub	fila 529
2026-09-18T23:38:58	OK	autobiografia-tinta-y-datos.epub	fila 336
2026-09-18T23:38:59	OK	aves-sin-nido-tinta-y-datos.epub	fila 292
2026-09-18T23:38:59	OK	azul-palido-tinta-y-datos.epub	fila 838
2026-09-18T23:39:00	OK	azul-tinta-y-datos.epub	fila 14
2026-09-18T23:39:01	OK	baile-y-cochino-tinta-y-datos.epub	fila 730
2026-09-18T23:39:02	OK	bailen-tinta-y-datos.epub	fila 564
2026-09-18T23:39:03	OK	bajo-la-tienda-tinta-y-datos.epub	fila 252
2026-09-18T23:39:03	OK	barraquera-tinta-y-datos.epub	fila 772
2026-09-18T23:39:04	OK	baza-de-espadas-tinta-y-datos.epub	fila 460
2026-09-18T23:39:04	OK	biografias-ejemplares-tinta-y-datos.epub	fila 371
2026-09-18T23:39:05	OK	bodas-reales-tinta-y-datos.epub	fila 562
2026-09-18T23:39:06	OK	bolivia-tinta-y-datos.epub	fila 973
2026-09-18T23:39:07	OK	brenda-tinta-y-datos.epub	fila 699
2026-09-18T23:39:07	OK	bucolica-tinta-y-datos.epub	fila 675
2026-09-18T23:39:08	OK	buondelmonti-tinta-y-datos.epub	fila 715
2026-09-18T23:39:08	OK	cabezas-tinta-y-datos.epub	fila 338
2026-09-18T23:39:09	OK	cadiz-tinta-y-datos.epub	fila 563
2026-09-18T23:39:09	OK	calor-de-yunca-tinta-y-datos.epub	fila 845
2026-09-18T23:39:10	OK	calvario-y-tabor-tinta-y-datos.epub	fila 799
2026-09-18T23:39:11	OK	camila-tinta-y-datos.epub	fila 684
2026-09-18T23:39:11	OK	campesinopr-tinta-y-datos.epub	fila 991
2026-09-18T23:39:12	OK	campo-tinta-y-datos.epub	fila 352
2026-09-18T23:39:13	OK	campos-de-castilla-tinta-y-datos.epub	fila 258
2026-09-18T23:39:13	OK	canas-y-barro-tinta-y-datos.epub	fila 273
2026-09-18T23:39:14	OK	canovas-tinta-y-datos.epub	fila 596
2026-09-18T23:39:14	OK	cantos-de-vida-y-esperanza-tinta-y-datos.epub	fila 259
2026-09-18T23:39:15	OK	capirotazos-tinta-y-datos.epub	fila 848
2026-09-18T23:39:16	OK	capitulos-que-se-le-olvidaron-a-cervantes-tinta-y-datos.epub	fila 261
2026-09-18T23:39:16	OK	cara-de-plata-tinta-y-datos.epub	fila 478
2026-09-18T23:39:17	OK	cardos-tinta-y-datos.epub	fila 355
2026-09-18T23:39:18	OK	carlos-vi-en-la-rapita-tinta-y-datos.epub	fila 585
2026-09-18T23:39:18	OK	cartas-americanas-tinta-y-datos.epub	fila 445
2026-09-18T23:39:19	OK	cartas-de-un-cazador-tinta-y-datos.epub	fila 375
2026-09-18T23:39:20	OK	cartas-desde-mi-celda-tinta-y-datos.epub	fila 627
2026-09-18T23:39:20	OK	cartas-literarias-a-una-mujer-tinta-y-datos.epub	fila 629
2026-09-18T23:39:21	OK	catamarca-tinta-y-datos.epub	fila 990
2026-09-18T23:39:21	OK	celin-tinta-y-datos.epub	fila 613
2026-09-18T23:39:22	OK	clemencia-tinta-y-datos.epub	fila 322
2026-09-18T23:39:23	OK	colonpr-tinta-y-datos.epub	fila 955
2026-09-18T23:39:24	OK	comedia-inmortal-tinta-y-datos.epub	fila 822
2026-09-18T23:39:24	OK	comedias-barbaras-tinta-y-datos.epub	fila 461
2026-09-18T23:39:25	OK	comentarios-reales-de-los-incas-tinta-y-datos.epub	fila 764
2026-09-18T23:39:25	OK	confidencias-tinta-y-datos.epub	fila 389
2026-09-18T23:39:26	OK	conquistahabana-tinta-y-datos.epub	fila 996
2026-09-18T23:39:27	OK	conquistai-tinta-y-datos.epub	fila 961
2026-09-18T23:39:28	OK	conquistaii-tinta-y-datos.epub	fila 981
2026-09-18T23:39:28	OK	conquistaiii-tinta-y-datos.epub	fila 982
2026-09-18T23:39:29	OK	contigopan-tinta-y-datos.epub	fila 972
2026-09-18T23:39:30	OK	contra-la-marea-tinta-y-datos.epub	fila 766
2026-09-18T23:39:30	OK	corazonjuglar-tinta-y-datos.epub	fila 986
2026-09-18T23:39:31	OK	corona-patriotica-tinta-y-datos.epub	fila 903
2026-09-18T23:39:32	OK	corte-de-amor-tinta-y-datos.epub	fila 467
2026-09-18T23:39:32	OK	corto-poema-de-maria-angelica-tinta-y-datos.epub	fila 372
2026-09-18T23:39:33	OK	cosa-cumplida-solo-en-la-otra-vida-tinta-y-datos.epub	fila 417
2026-09-18T23:39:33	OK	creed-en-dios-tinta-y-datos.epub	fila 625
2026-09-18T23:39:34	OK	cronicaperu-tinta-y-datos.epub	fila 970
2026-09-18T23:39:35	OK	cronicas-tinta-y-datos.epub	fila 519
2026-09-18T23:39:36	OK	cuadrivio-laico-tinta-y-datos.epub	fila 382
2026-09-18T23:39:36	OK	cuadro-tinta-y-datos.epub	fila 819
2026-09-18T23:39:37	OK	cuatro-conferencias-sobre-america-del-sur-tinta-y-datos.epub	fila 922
2026-09-18T23:39:38	OK	cuento-de-marionetes-tinta-y-datos.epub	fila 762
2026-09-18T23:39:38	OK	cuentos-amatorios-tinta-y-datos.epub	fila 493
2026-09-18T23:39:39	OK	cuentos-antiguos-tinta-y-datos.epub	fila 673
2026-09-18T23:39:40	OK	cuentos-color-de-humo-tinta-y-datos.epub	fila 525
2026-09-18T23:39:40	OK	cuentos-completos-tinta-y-datos.epub	fila 741
2026-09-18T23:39:41	OK	cuentos-de-amor-de-locura-y-de-muerte-tinta-y-datos.epub	fila 10
2026-09-18T23:39:42	OK	cuentos-de-amor-tinta-y-datos.epub	fila 647
2026-09-18T23:39:43	OK	cuentos-de-colombine-tinta-y-datos.epub	fila 392
2026-09-18T23:39:43	OK	cuentos-de-fray-mocho-tinta-y-datos.epub	fila 791
2026-09-18T23:39:44	OK	cuentos-de-la-patria-tinta-y-datos.epub	fila 672
2026-09-18T23:39:44	OK	cuentos-de-la-selva-tinta-y-datos.epub	fila 17
2026-09-18T23:39:45	OK	cuentos-de-la-tierra-tinta-y-datos.epub	fila 648
2026-09-18T23:39:46	OK	cuentos-de-marineda-tinta-y-datos.epub	fila 674
2026-09-18T23:39:46	OK	cuentos-de-muerte-y-de-sangre-tinta-y-datos.epub	fila 314
2026-09-18T23:39:47	OK	cuentos-de-navidad-y-ano-nuevo-tinta-y-datos.epub	fila 678
2026-09-18T23:39:47	OK	cuentos-de-navidad-y-reyes-tinta-y-datos.epub	fila 665
2026-09-18T23:39:48	OK	cuentos-de-poeta-tinta-y-datos.epub	fila 828
2026-09-18T23:39:49	OK	cuentos-del-terruno-tinta-y-datos.epub	fila 664
2026-09-18T23:39:49	OK	cuentos-diaz-garces-tinta-y-datos.epub	fila 257
2026-09-18T23:39:50	OK	cuentos-dispersos-be-tinta-y-datos.epub	fila 636
2026-09-18T23:39:51	OK	cuentos-dispersos-gn-tinta-y-datos.epub	fila 528
2026-09-18T23:39:51	OK	cuentos-dispersos-go-tinta-y-datos.epub	fila 431
2026-09-18T23:39:52	OK	cuentos-dispersos-lugones-tinta-y-datos.epub	fila 518
2026-09-18T23:39:52	OK	cuentos-dispersos-pg-tinta-y-datos.epub	fila 623
2026-09-18T23:39:53	OK	cuentos-dispersos-rc-tinta-y-datos.epub	fila 642
2026-09-18T23:39:54	OK	cuentos-dispersos-viana-tinta-y-datos.epub	fila 360
2026-09-18T23:39:54	OK	cuentos-dramaticos-tinta-y-datos.epub	fila 650
2026-09-18T23:39:55	OK	cuentos-fragiles-tinta-y-datos.epub	fila 24
2026-09-18T23:39:56	OK	cuentos-grises-tinta-y-datos.epub	fila 767
2026-09-18T23:39:56	OK	cuentos-malevolos-tinta-y-datos.epub	fila 760
2026-09-18T23:39:57	OK	cuentos-morales-tinta-y-datos.epub	fila 265
2026-09-18T23:39:58	OK	cuentos-nuevos-tinta-y-datos.epub	fila 651
2026-09-18T23:39:58	OK	cuentos-para-los-hombres-que-son-todavia-ninos-tinta-y-datos.epub	fila 798
2026-09-18T23:39:59	OK	cuentos-rafael-barrett-tinta-y-datos.epub	fila 346
2026-09-18T23:40:00	OK	cuentos-sacroprofanos-tinta-y-datos.epub	fila 649
2026-09-18T23:40:00	OK	cuentos-tinta-y-datos.epub	fila 515
2026-09-18T23:40:01	OK	cuentos-tragicos-tinta-y-datos.epub	fila 656
2026-09-18T23:40:01	OK	cuentos-y-chascarrillos-andaluces-tinta-y-datos.epub	fila 439
2026-09-18T23:40:02	OK	cuentos-y-dialogos-tinta-y-datos.epub	fila 441
2026-09-18T23:40:03	OK	cuentos-y-notas-tinta-y-datos.epub	fila 809
2026-09-18T23:40:03	OK	cuentos-y-prosas-breves-tinta-y-datos.epub	fila 344
2026-09-18T23:40:04	OK	cuentos-y-prosas-no-recogidos-quiroga-tinta-y-datos.epub	fila 388
2026-09-18T23:40:05	OK	cuentoschile-tinta-y-datos.epub	fila 952
2026-09-18T23:40:05	OK	cuentosnuncaacabar-tinta-y-datos.epub	fila 953
2026-09-18T23:40:06	OK	de-cartago-a-sagunto-tinta-y-datos.epub	fila 597
2026-09-18T23:40:07	OK	de-la-lucha-tinta-y-datos.epub	fila 835
2026-09-18T23:40:07	OK	de-la-vida-de-nuestros-animales-tinta-y-datos.epub	fila 366
2026-09-18T23:40:08	OK	de-onate-a-la-granja-tinta-y-datos.epub	fila 565
2026-09-18T23:40:09	OK	de-sobremesa-tinta-y-datos.epub	fila 343
2026-09-18T23:40:10	OK	de-varios-colores-tinta-y-datos.epub	fila 436
2026-09-18T23:40:12	OK	de-vuelta-de-italia-tinta-y-datos.epub	fila 612
2026-09-18T23:40:12	OK	debora-tinta-y-datos.epub	fila 823
2026-09-18T23:40:13	OK	del-campo-y-de-la-ciudad-tinta-y-datos.epub	fila 359
2026-09-18T23:40:14	OK	del-plata-al-niagara-tinta-y-datos.epub	fila 960
2026-09-18T23:40:15	OK	descripcioni-tinta-y-datos.epub	fila 965
2026-09-18T23:40:15	OK	descripcionii-tinta-y-datos.epub	fila 966
2026-09-18T23:40:16	OK	desde-el-tronco-de-un-ombu-tinta-y-datos.epub	fila 702
2026-09-18T23:40:17	OK	desenganos-amorosos-tinta-y-datos.epub	fila 643
2026-09-18T23:40:17	OK	diario-de-viaje-a-paris-tinta-y-datos.epub	fila 383
2026-09-18T23:40:18	OK	dias-de-campo-tinta-y-datos.epub	fila 253
2026-09-18T23:40:19	OK	dispersos-aa-tinta-y-datos.epub	fila 768
2026-09-18T23:40:19	OK	dispersos-ad-tinta-y-datos.epub	fila 705
2026-09-18T23:40:20	OK	dispersos-cv-tinta-y-datos.epub	fila 920
2026-09-18T23:40:20	OK	dispersos-fc-tinta-y-datos.epub	fila 770
2026-09-18T23:40:21	OK	dispersos-lm-tinta-y-datos.epub	fila 712
2026-09-18T23:40:21	OK	dispersos-pp-tinta-y-datos.epub	fila 827
2026-09-18T23:40:22	OK	divertidas-aventuras-del-nieto-de-juan-moreira-tinta-y-datos.epub	fila 318
2026-09-18T23:40:23	OK	divinas-palabras-tinta-y-datos.epub	fila 475
2026-09-18T23:40:23	OK	dolores-tinta-y-datos.epub	fila 912
2026-09-18T23:40:24	OK	don-quijote-de-la-mancha-tinta-y-datos.epub	fila 1
2026-09-18T23:40:25	OK	don-segundo-sombra-tinta-y-datos.epub	fila 313
2026-09-18T23:40:25	OK	dona-luz-tinta-y-datos.epub	fila 447
2026-09-18T23:40:26	OK	dona-milagros-tinta-y-datos.epub	fila 662
2026-09-18T23:40:27	OK	dona-perfecta-tinta-y-datos.epub	fila 567
2026-09-18T23:40:28	OK	donarramona-tinta-y-datos.epub	fila 707
2026-09-18T23:40:28	OK	donarramona-y-otros-relatos-tinta-y-datos.epub	fila 706
2026-09-18T23:40:29	OK	donde-esta-mi-cabeza-tinta-y-datos.epub	fila 616
2026-09-18T23:40:30	OK	dos-mujeres-tinta-y-datos.epub	fila 289
2026-09-18T23:40:30	OK	dulce-sueno-tinta-y-datos.epub	fila 652
2026-09-18T23:40:31	OK	el-1-de-marzo-y-el-2-de-mayo-tinta-y-datos.epub	fila 586
2026-09-18T23:40:32	OK	el-19-de-marzo-y-el-2-de-mayo-tinta-y-datos.epub	fila 587
2026-09-18T23:40:33	OK	el-abuelo-tinta-y-datos.epub	fila 537
2026-09-18T23:40:33	OK	el-amigo-de-la-muerte-tinta-y-datos.epub	fila 505
2026-09-18T23:40:34	OK	el-amigo-manso-tinta-y-datos.epub	fila 543
2026-09-18T23:40:35	OK	el-amor-brujo-tinta-y-datos.epub	fila 783
2026-09-18T23:40:35	OK	el-amor-que-dormia-tinta-y-datos.epub	fila 844
2026-09-18T23:40:36	OK	el-angel-de-la-sombra-tinta-y-datos.epub	fila 511
2026-09-18T23:40:37	OK	el-ano-en-spitzberg-tinta-y-datos.epub	fila 503
2026-09-18T23:40:37	OK	el-articulo-de-fondo-tinta-y-datos.epub	fila 621
2026-09-18T23:40:38	OK	el-artista-barquero-tinta-y-datos.epub	fila 910
2026-09-18T23:40:38	OK	el-asesinato-de-palma-sola-tinta-y-datos.epub	fila 815
2026-09-18T23:40:39	OK	el-audaz-tinta-y-datos.epub	fila 532
2026-09-18T23:40:40	OK	el-beso-de-evans-tinta-y-datos.epub	fila 747
2026-09-18T23:40:40	OK	el-buque-negro-tinta-y-datos.epub	fila 757
2026-09-18T23:40:41	OK	el-caballero-carmelo-tinta-y-datos.epub	fila 752
2026-09-18T23:40:41	OK	el-caballero-carmelo-y-otros-cuentos-tinta-y-datos.epub	fila 743
2026-09-18T23:40:42	OK	el-caballero-de-azor-tinta-y-datos.epub	fila 456
2026-09-18T23:40:43	OK	el-caballero-de-las-botas-azules-tinta-y-datos.epub	fila 638
2026-09-18T23:40:43	OK	el-caballero-encantado-tinta-y-datos.epub	fila 601
2026-09-18T23:40:44	OK	el-canto-errante-tinta-y-datos.epub	fila 286
2026-09-18T23:40:44	OK	el-capitan-perez-tinta-y-datos.epub	fila 690
2026-09-18T23:40:45	OK	el-capitan-veneno-tinta-y-datos.epub	fila 500
2026-09-18T23:40:46	OK	el-casamiento-de-laucha-tinta-y-datos.epub	fila 316
2026-09-18T23:40:46	OK	el-caudillo-de-las-manos-rojas-tinta-y-datos.epub	fila 624
2026-09-18T23:40:47	OK	el-cerco-de-numancia-tinta-y-datos.epub	fila 303
2026-09-18T23:40:47	OK	el-cerro-de-las-campanas-tinta-y-datos.epub	fila 732
2026-09-18T23:40:48	OK	el-circulo-de-la-muerte-tinta-y-datos.epub	fila 758
2026-09-18T23:40:49	OK	el-cisne-de-vilamorta-tinta-y-datos.epub	fila 653
2026-09-18T23:40:49	OK	el-clavo-tinta-y-datos.epub	fila 504
2026-09-18T23:40:50	OK	el-clis-de-sol-tinta-y-datos.epub	fila 837
2026-09-18T23:40:50	OK	el-combate-de-la-tapera-tinta-y-datos.epub	fila 703
2026-09-18T23:40:51	OK	el-comendador-mendoza-tinta-y-datos.epub	fila 442
2026-09-18T23:40:52	OK	el-comerciante-en-perlas-tinta-y-datos.epub	fila 724
2026-09-18T23:40:52	OK	el-crimen-del-otro-y-otros-cuentos-tinta-y-datos.epub	fila 369
2026-09-18T23:40:53	OK	el-derecho-al-amor-tinta-y-datos.epub	fila 773
2026-09-18T23:40:53	OK	el-desertor-tinta-y-datos.epub	fila 812
2026-09-18T23:40:54	OK	el-desierto-y-otros-cuentos-tinta-y-datos.epub	fila 376
2026-09-18T23:40:55	OK	el-diablo-desinteresado-tinta-y-datos.epub	fila 523
2026-09-18T23:40:55	OK	el-diablo-en-mexico-tinta-y-datos.epub	fila 737
2026-09-18T23:40:56	OK	el-diamante-de-la-inquietud-tinta-y-datos.epub	fila 521
2026-09-18T23:40:56	OK	el-doctor-centeno-tinta-y-datos.epub	fila 540
2026-09-18T23:40:57	OK	el-dulce-dano-tinta-y-datos.epub	fila 231
2026-09-18T23:40:58	OK	el-equipaje-del-rey-tinta-y-datos.epub	fila 598
2026-09-18T23:40:58	OK	el-escandalo-tinta-y-datos.epub	fila 496
2026-09-18T23:40:59	OK	el-espejo-de-la-muerte-tinta-y-datos.epub	fila 281
2026-09-18T23:41:00	OK	el-fabricante-de-fantasmas-tinta-y-datos.epub	fila 787
2026-09-18T23:41:00	OK	el-final-de-norma-tinta-y-datos.epub	fila 495
2026-09-18T23:41:01	OK	el-fistol-del-diablo-tinta-y-datos.epub	fila 320
2026-09-18T23:41:02	OK	el-fraile-y-la-monja-del-callao-tinta-y-datos.epub	fila 905
2026-09-18T23:41:02	OK	el-gaucho-martin-fierro-tinta-y-datos.epub	fila 2
2026-09-18T23:41:03	OK	el-gnomo-tinta-y-datos.epub	fila 630
2026-09-18T23:41:03	OK	el-grande-oriente-tinta-y-datos.epub	fila 599
2026-09-18T23:41:04	OK	el-guante-negro-tinta-y-datos.epub	fila 427
2026-09-18T23:41:05	OK	el-hipocampo-de-oro-tinta-y-datos.epub	fila 753
2026-09-18T23:41:05	OK	el-imperio-jesuitico-tinta-y-datos.epub	fila 514
2026-09-18T23:41:06	OK	el-juguete-rabioso-tinta-y-datos.epub	fila 790
2026-09-18T23:41:07	OK	el-loco-estero-tinta-y-datos.epub	fila 247
2026-09-18T23:41:08	OK	el-marques-de-bradomin-tinta-y-datos.epub	fila 490
2026-09-18T23:41:08	OK	el-matadero-tinta-y-datos.epub	fila 9
2026-09-18T23:41:09	OK	el-monte-de-las-animas-tinta-y-datos.epub	fila 631
2026-09-18T23:41:09	OK	el-montuvio-ecuatoriano-tinta-y-datos.epub	fila 774
2026-09-18T23:41:10	OK	el-nino-de-guzman-tinta-y-datos.epub	fila 670
2026-09-18T23:41:11	OK	el-nino-de-la-bola-tinta-y-datos.epub	fila 501
2026-09-18T23:41:11	OK	el-origen-del-hombre-tinta-y-datos.epub	fila 975
2026-09-18T23:41:12	OK	el-oro-de-mallorca-tinta-y-datos.epub	fila 339
2026-09-18T23:41:13	OK	el-papa-del-mar-tinta-y-datos.epub	fila 278
2026-09-18T23:41:13	OK	el-pecado-de-alejandra-leonard-tinta-y-datos.epub	fila 709
2026-09-18T23:41:14	OK	el-periquillo-sarniento-tinta-y-datos.epub	fila 710
2026-09-18T23:41:15	OK	el-perseguidor-tinta-y-datos.epub	fila 400
2026-09-18T23:41:15	OK	el-pozo-del-yocci-tinta-y-datos.epub	fila 424
2026-09-18T23:41:16	OK	el-primer-loco-tinta-y-datos.epub	fila 641
2026-09-18T23:41:16	OK	el-punal-tinta-y-datos.epub	fila 516
2026-09-18T23:41:17	OK	el-resplandor-de-la-hoguera-tinta-y-datos.epub	fila 474
2026-09-18T23:41:18	OK	el-retablo-de-las-maravillas-tinta-y-datos.epub	fila 304
2026-09-18T23:41:18	OK	el-rey-del-monte-tinta-y-datos.epub	fila 906
2026-09-18T23:41:19	OK	el-rey-y-el-bufon-tinta-y-datos.epub	fila 713
2026-09-18T23:41:20	OK	el-sacristan-tinta-y-datos.epub	fila 841
2026-09-18T23:41:20	OK	el-saludo-de-las-brujas-tinta-y-datos.epub	fila 654
2026-09-18T23:41:21	OK	el-salvaje-y-otros-cuentos-tinta-y-datos.epub	fila 363
2026-09-18T23:41:21	OK	el-soldado-tinta-y-datos.epub	fila 384
2026-09-18T23:41:22	OK	el-superhombre-y-otras-novedades-tinta-y-datos.epub	fila 440
2026-09-18T23:41:23	OK	el-terror-de-1824-tinta-y-datos.epub	fila 589
2026-09-18T23:41:24	OK	el-tesoro-de-gaston-tinta-y-datos.epub	fila 668
2026-09-18T23:41:24	OK	el-trueno-dorado-tinta-y-datos.epub	fila 479
2026-09-18T23:41:25	OK	el-tungsteno-tinta-y-datos.epub	fila 262
2026-09-18T23:41:25	OK	el-ultimo-deseo-tinta-y-datos.epub	fila 404
2026-09-18T23:41:26	OK	el-ultimo-grande-de-espana-tinta-y-datos.epub	fila 692
2026-09-18T23:41:26	OK	el-viaje-del-parnaso-tinta-y-datos.epub	fila 302
2026-09-18T23:41:27	OK	el-vuelo-de-los-condores-tinta-y-datos.epub	fila 751
2026-09-18T23:41:27	OK	el-yermo-de-las-almas-tinta-y-datos.epub	fila 489
2026-09-18T23:41:28	OK	el-zarco-tinta-y-datos.epub	fila 321
2026-09-18T23:41:29	OK	electra-tinta-y-datos.epub	fila 538
2026-09-18T23:41:30	OK	en-la-diestra-de-dios-padre-tinta-y-datos.epub	fila 324
2026-09-18T23:41:30	OK	en-la-noche-dormida-tinta-y-datos.epub	fila 850
2026-09-18T23:41:31	OK	en-la-sangre-tinta-y-datos.epub	fila 328
2026-09-18T23:41:32	OK	en-las-cavernas-tinta-y-datos.epub	fila 679
2026-09-18T23:41:32	OK	en-las-orillas-del-sar-tinta-y-datos.epub	fila 295
2026-09-18T23:41:33	OK	ensalada-de-pollos-tinta-y-datos.epub	fila 722
2026-09-18T23:41:34	OK	entre-naranjos-tinta-y-datos.epub	fila 272
2026-09-18T23:41:35	OK	enviaje-tinta-y-datos.epub	fila 962
2026-09-18T23:41:35	OK	episodios-nacionales-para-ninos-tinta-y-datos.epub	fila 539
2026-09-18T23:41:36	OK	epitalamio-tinta-y-datos.epub	fila 488
2026-09-18T23:41:36	OK	es-raro-tinta-y-datos.epub	fila 632
2026-09-18T23:41:37	OK	escalas-tinta-y-datos.epub	fila 917
2026-09-18T23:41:37	OK	escenas-de-lima-tinta-y-datos.epub	fila 426
2026-09-18T23:41:38	OK	escritospoliticos-tinta-y-datos.epub	fila 959
2026-09-18T23:41:39	OK	esmeraldas-tinta-y-datos.epub	fila 793
2026-09-18T23:41:40	OK	espana-sin-rey-tinta-y-datos.epub	fila 574
2026-09-18T23:41:40	OK	espana-tragica-tinta-y-datos.epub	fila 579
2026-09-18T23:41:41	OK	espatolino-tinta-y-datos.epub	fila 911
2026-09-18T23:41:42	OK	estados-unidos-tinta-y-datos.epub	fila 921
2026-09-18T23:41:43	OK	estampas-del-siglo-xix-tinta-y-datos.epub	fila 727
2026-09-18T23:41:44	OK	estampasviaje-tinta-y-datos.epub	fila 987
2026-09-18T23:41:44	OK	estudiosamerica-tinta-y-datos.epub	fila 992
2026-09-18T23:41:45	OK	fabla-salvaje-tinta-y-datos.epub	fila 918
2026-09-18T23:41:45	OK	facundo-tinta-y-datos.epub	fila 6
2026-09-18T23:41:46	OK	fantasia-tinta-y-datos.epub	fila 680
2026-09-18T23:41:47	OK	fausto-tinta-y-datos.epub	fila 683
2026-09-18T23:41:47	OK	feliza-tinta-y-datos.epub	fila 429
2026-09-18T23:41:48	OK	femeninas-tinta-y-datos.epub	fila 483
2026-09-18T23:41:48	OK	fin-de-un-revolucionario-tinta-y-datos.epub	fila 462
2026-09-18T23:41:49	OK	flavio-tinta-y-datos.epub	fila 637
2026-09-18T23:41:50	OK	flor-de-almendro-tinta-y-datos.epub	fila 469
2026-09-18T23:41:51	OK	flor-de-santidad-tinta-y-datos.epub	fila 473
2026-09-18T23:41:51	OK	florpiel-tinta-y-datos.epub	fila 993
2026-09-18T23:41:52	OK	fortunata-y-jacinta-tinta-y-datos.epub	fila 5
2026-09-18T23:41:53	OK	gabriel-el-cerrajero-o-las-hijas-de-mi-papa-tinta-y-datos.epub	fila 719
2026-09-18T23:41:53	OK	garuda-o-la-ciguena-blanca-tinta-y-datos.epub	fila 454
2026-09-18T23:41:54	OK	genio-y-figura-tinta-y-datos.epub	fila 444
2026-09-18T23:41:55	OK	gente-de-provincias-tinta-y-datos.epub	fila 826
2026-09-18T23:41:55	OK	gerifaltes-de-antano-tinta-y-datos.epub	fila 471
2026-09-18T23:41:56	OK	gerona-tinta-y-datos.epub	fila 602
2026-09-18T23:41:57	OK	gil-gomez-el-insurgente-tinta-y-datos.epub	fila 735
2026-09-18T23:41:57	OK	gladys-fairfield-tinta-y-datos.epub	fila 249
2026-09-18T23:41:58	OK	gloria-tinta-y-datos.epub	fila 536
2026-09-18T23:41:59	OK	gotas-de-sangre-crimenes-y-criminales-tinta-y-datos.epub	fila 830
2026-09-18T23:41:59	OK	granaldea-tinta-y-datos.epub	fila 985
2026-09-18T23:42:00	OK	grito-de-gloria-tinta-y-datos.epub	fila 700
2026-09-18T23:42:01	OK	guatimozin-ultimo-emperador-de-mejico-tinta-y-datos.epub	fila 909
2026-09-18T23:42:02	OK	guri-y-otras-novelas-tinta-y-datos.epub	fila 345
2026-09-18T23:42:02	OK	hacia-el-reino-de-los-sciris-tinta-y-datos.epub	fila 919
2026-09-18T23:42:03	OK	hacia-una-moral-sin-dogmas-tinta-y-datos.epub	fila 693
2026-09-18T23:42:04	OK	halma-tinta-y-datos.epub	fila 545
2026-09-18T23:42:04	OK	hebaristo-el-sauce-que-murio-de-amor-tinta-y-datos.epub	fila 754
2026-09-18T23:42:05	OK	historia-de-la-compania-de-jesus-en-nueva-espana-tinta-y-datos.epub	fila 820
2026-09-18T23:42:05	OK	historia-de-mis-libros-tinta-y-datos.epub	fila 337
2026-09-18T23:42:06	OK	historia-de-un-amor-turbio-tinta-y-datos.epub	fila 370
2026-09-18T23:42:07	OK	historia-de-una-vida-documentada-y-trunca-tinta-y-datos.epub	fila 759
2026-09-18T23:42:07	OK	historietas-nacionales-tinta-y-datos.epub	fila 491
2026-09-18T23:42:08	OK	horacio-kalibang-tinta-y-datos.epub	fila 688
2026-09-18T23:42:09	OK	huellas-literarias-tinta-y-datos.epub	fila 829
2026-09-18T23:42:09	OK	huerco-tinta-y-datos.epub	fila 708
2026-09-18T23:42:10	OK	idilios-precoces-tinta-y-datos.epub	fila 704
2026-09-18T23:42:10	OK	incomprension-tinta-y-datos.epub	fila 840
2026-09-18T23:42:11	OK	inocentes-o-culpables-tinta-y-datos.epub	fila 696
2026-09-18T23:42:11	OK	inquietudes-sentimentales-tinta-y-datos.epub	fila 797
2026-09-18T23:42:12	OK	insolacion-tinta-y-datos.epub	fila 660
2026-09-18T23:42:13	OK	insolacion-y-morrina-tinta-y-datos.epub	fila 646
2026-09-18T23:42:13	OK	instruccionpr-tinta-y-datos.epub	fila 954
2026-09-18T23:42:14	OK	ismael-tinta-y-datos.epub	fila 698
2026-09-18T23:42:15	OK	isolina-la-ex-figurante-tinta-y-datos.epub	fila 721
2026-09-18T23:42:15	OK	jardin-umbrio-tinta-y-datos.epub	fila 463
2026-09-18T23:42:16	OK	juan-el-organista-tinta-y-datos.epub	fila 527
2026-09-18T23:42:16	OK	juan-martin-el-empecinado-tinta-y-datos.epub	fila 568
2026-09-18T23:42:17	OK	juan-moreira-tinta-y-datos.epub	fila 685
2026-09-18T23:42:18	OK	juanita-la-larga-tinta-y-datos.epub	fila 438
2026-09-18T23:42:18	OK	junio-tinta-y-datos.epub	fila 617
2026-09-18T23:42:19	OK	justa-y-rufina-tinta-y-datos.epub	fila 419
2026-09-18T23:42:19	OK	juvenilia-tinta-y-datos.epub	fila 980
2026-09-18T23:42:20	OK	la-alpujarra-tinta-y-datos.epub	fila 497
2026-09-18T23:42:21	OK	la-araucana-tinta-y-datos.epub	fila 256
2026-09-18T23:42:21	OK	la-argentina-y-la-conquista-del-rio-de-la-plata-tinta-y-datos.epub	fila 831
2026-09-18T23:42:22	OK	la-batalla-de-los-arapiles-tinta-y-datos.epub	fila 549
2026-09-18T23:42:23	OK	la-biblia-gaucha-tinta-y-datos.epub	fila 351
2026-09-18T23:42:23	OK	la-bodega-tinta-y-datos.epub	fila 274
2026-09-18T23:42:24	OK	la-bola-tinta-y-datos.epub	fila 711
2026-09-18T23:42:25	OK	la-bolsa-de-huesos-tinta-y-datos.epub	fila 687
2026-09-18T23:42:25	OK	la-buena-fama-tinta-y-datos.epub	fila 449
2026-09-18T23:42:26	OK	la-calandria-tinta-y-datos.epub	fila 811
2026-09-18T23:42:26	OK	la-campana-del-maestrazgo-tinta-y-datos.epub	fila 580
2026-09-18T23:42:27	OK	la-cara-de-dios-tinta-y-datos.epub	fila 465
2026-09-18T23:42:28	OK	la-caravana-pasa-tinta-y-datos.epub	fila 832
2026-09-18T23:42:29	OK	la-casa-de-shakespeare-tinta-y-datos.epub	fila 622
2026-09-18T23:42:29	OK	la-catedral-tinta-y-datos.epub	fila 241
2026-09-18T23:42:30	OK	la-cautiva-tinta-y-datos.epub	fila 331
2026-09-18T23:42:30	OK	la-chachalaca-tinta-y-datos.epub	fila 816
2026-09-18T23:42:31	OK	la-ciudad-de-los-tisicos-tinta-y-datos.epub	fila 744
2026-09-18T23:42:32	OK	la-ciudad-encantada-tinta-y-datos.epub	fila 398
2026-09-18T23:42:32	OK	la-ciudad-muerta-tinta-y-datos.epub	fila 748
2026-09-18T23:42:33	OK	la-clase-media-tinta-y-datos.epub	fila 736
2026-09-18T23:42:33	OK	la-comedia-piadosa-tinta-y-datos.epub	fila 681
2026-09-18T23:42:34	OK	la-corruptora-y-la-buena-maestra-tinta-y-datos.epub	fila 421
2026-09-18T23:42:34	OK	la-corte-de-carlos-iv-tinta-y-datos.epub	fila 600
2026-09-18T23:42:35	OK	la-corte-de-los-milagros-tinta-y-datos.epub	fila 459
2026-09-18T23:42:36	OK	la-creacion-tinta-y-datos.epub	fila 626
2026-09-18T23:42:37	OK	la-cuestion-palpitante-tinta-y-datos.epub	fila 658
2026-09-18T23:42:37	OK	la-cueva-de-salamanca-tinta-y-datos.epub	fila 305
2026-09-18T23:42:38	OK	la-dama-joven-tinta-y-datos.epub	fila 655
2026-09-18T23:42:39	OK	la-de-bringas-tinta-y-datos.epub	fila 544
2026-09-18T23:42:39	OK	la-de-los-tristes-destinos-tinta-y-datos.epub	fila 557
2026-09-18T23:42:40	OK	la-de-san-quintin-tinta-y-datos.epub	fila 546
2026-09-18T23:42:41	OK	la-desheredada-tinta-y-datos.epub	fila 533
2026-09-18T23:42:41	OK	la-educacion-de-la-mujer-tinta-y-datos.epub	fila 294
2026-09-18T23:42:42	OK	la-estafeta-romantica-tinta-y-datos.epub	fila 553
2026-09-18T23:42:43	OK	la-estrella-de-vandalia-tinta-y-datos.epub	fila 411
2026-09-18T23:42:43	OK	la-familia-de-alvareda-tinta-y-datos.epub	fila 407
2026-09-18T23:42:44	OK	la-familia-de-leon-roch-tinta-y-datos.epub	fila 541
2026-09-18T23:42:45	OK	la-farisea-tinta-y-datos.epub	fila 414
2026-09-18T23:42:45	OK	la-flor-de-las-ruinas-tinta-y-datos.epub	fila 420
2026-09-18T23:42:46	OK	la-flor-tinta-y-datos.epub	fila 640
2026-09-18T23:42:46	OK	la-florida-del-inca-tinta-y-datos.epub	fila 765
2026-09-18T23:42:47	OK	la-fontana-de-oro-tinta-y-datos.epub	fila 547
2026-09-18T23:42:48	OK	la-fuga-tinta-y-datos.epub	fila 852
2026-09-18T23:42:48	OK	la-gatita-de-mari-ramos-que-halaga-con-la-cola-y-arana-con-las-manos-tinta-y-datos.epub	fila 904
2026-09-18T23:42:49	OK	la-gaviota-tinta-y-datos.epub	fila 290
2026-09-18T23:42:49	OK	la-gota-de-sangre-tinta-y-datos.epub	fila 676
2026-09-18T23:42:50	OK	la-granja-blanca-tinta-y-datos.epub	fila 761
2026-09-18T23:42:51	OK	la-guerra-gaucha-tinta-y-datos.epub	fila 512
2026-09-18T23:42:51	OK	la-hija-del-mar-tinta-y-datos.epub	fila 296
2026-09-18T23:42:52	OK	la-hija-del-mashorquero-tinta-y-datos.epub	fila 430
2026-09-18T23:42:53	OK	la-historia-de-chucho-el-ninfo-tinta-y-datos.epub	fila 723
2026-09-18T23:42:53	OK	la-horda-tinta-y-datos.epub	fila 275
2026-09-18T23:42:54	OK	la-incognita-tinta-y-datos.epub	fila 554
2026-09-18T23:42:55	OK	la-justicia-del-mar-tinta-y-datos.epub	fila 401
2026-09-18T23:42:55	OK	la-lampara-maravillosa-tinta-y-datos.epub	fila 464
2026-09-18T23:42:56	OK	la-linterna-magica-tinta-y-datos.epub	fila 775
2026-09-18T23:42:56	OK	la-loca-de-la-casa-tinta-y-datos.epub	fila 535
2026-09-18T23:42:57	OK	la-madre-naturaleza-tinta-y-datos.epub	fila 269
2026-09-18T23:42:58	OK	la-madrina-de-lita-tinta-y-datos.epub	fila 691
2026-09-18T23:42:59	OK	la-maja-desnuda-tinta-y-datos.epub	fila 276
2026-09-18T23:42:59	OK	la-majestad-caida-tinta-y-datos.epub	fila 734
2026-09-18T23:43:00	OK	la-malcasada-tinta-y-datos.epub	fila 297
2026-09-18T23:43:01	OK	la-mariscala-tinta-y-datos.epub	fila 745
2026-09-18T23:43:01	OK	la-media-noche-tinta-y-datos.epub	fila 466
2026-09-18T23:43:02	OK	la-misa-de-madrugada-tinta-y-datos.epub	fila 813
2026-09-18T23:43:02	OK	la-mitologia-contada-a-los-ninos-e-historia-de-los-grandes-hombres-de-la-grecia-tinta-y-datos.epub	fila 405
2026-09-18T23:43:03	OK	la-mujer-alta-tinta-y-datos.epub	fila 508
2026-09-18T23:43:03	OK	la-mujer-del-porvenir-tinta-y-datos.epub	fila 293
2026-09-18T23:43:04	OK	la-mujer-fantastica-tinta-y-datos.epub	fila 393
2026-09-18T23:43:05	OK	la-mujer-fria-tinta-y-datos.epub	fila 399
2026-09-18T23:43:05	OK	la-mula-y-el-buey-tinta-y-datos.epub	fila 609
2026-09-18T23:43:06	OK	la-navidad-en-las-montanas-tinta-y-datos.epub	fila 323
2026-09-18T23:43:07	OK	la-noche-buena-tinta-y-datos.epub	fila 729
2026-09-18T23:43:07	OK	la-novela-en-el-tranvia-tinta-y-datos.epub	fila 614
2026-09-18T23:43:08	OK	la-paraca-tinta-y-datos.epub	fila 756
2026-09-18T23:43:08	OK	la-piedra-angular-tinta-y-datos.epub	fila 667
2026-09-18T23:43:09	OK	la-pipa-de-kif-tinta-y-datos.epub	fila 480
2026-09-18T23:43:10	OK	la-pluma-en-el-viento-tinta-y-datos.epub	fila 618
2026-09-18T23:43:10	OK	la-primera-republica-tinta-y-datos.epub	fila 590
2026-09-18T23:43:11	OK	la-princesa-y-el-granuja-tinta-y-datos.epub	fila 608
2026-09-18T23:43:12	OK	la-prodiga-tinta-y-datos.epub	fila 498
2026-09-18T23:43:12	OK	la-promesa-tinta-y-datos.epub	fila 628
2026-09-18T23:43:13	OK	la-prueba-tinta-y-datos.epub	fila 663
2026-09-18T23:43:13	OK	la-quena-tinta-y-datos.epub	fila 425
2026-09-18T23:43:14	OK	la-quimera-tinta-y-datos.epub	fila 270
2026-09-18T23:43:15	OK	la-rampa-tinta-y-datos.epub	fila 298
2026-09-18T23:43:16	OK	la-razon-de-la-sinrazon-tinta-y-datos.epub	fila 534
2026-09-18T23:43:16	OK	la-regenta-tinta-y-datos.epub	fila 4
2026-09-18T23:43:17	OK	la-reina-calafia-tinta-y-datos.epub	fila 235
2026-09-18T23:43:18	OK	la-revolucion-de-julio-tinta-y-datos.epub	fila 581
2026-09-18T23:43:19	OK	la-rosa-de-pasion-tinta-y-datos.epub	fila 633
2026-09-18T23:43:19	OK	la-segunda-casaca-tinta-y-datos.epub	fila 591
2026-09-18T23:43:20	OK	la-semana-de-los-3-jueves-tinta-y-datos.epub	fila 769
2026-09-18T23:43:21	OK	la-sirena-negra-tinta-y-datos.epub	fila 666
2026-09-18T23:43:21	OK	la-sombra-tinta-y-datos.epub	fila 607
2026-09-18T23:43:22	OK	la-tribuna-tinta-y-datos.epub	fila 268
2026-09-18T23:43:22	OK	la-ultima-fada-tinta-y-datos.epub	fila 677
2026-09-18T23:43:23	OK	la-velada-del-helecho-tinta-y-datos.epub	fila 913
2026-09-18T23:43:24	OK	la-venganza-de-las-flores-tinta-y-datos.epub	fila 682
2026-09-18T23:43:24	OK	la-venganza-tinta-y-datos.epub	fila 250
2026-09-18T23:43:25	OK	la-verdad-sospechosa-tinta-y-datos.epub	fila 740
2026-09-18T23:43:25	OK	la-voragine-tinta-y-datos.epub	fila 326
2026-09-18T23:43:26	OK	la-vuelta-al-mundo-en-la-numancia-tinta-y-datos.epub	fila 582
2026-09-18T23:43:27	OK	la-vuelta-de-los-muertos-tinta-y-datos.epub	fila 805
2026-09-18T23:43:28	OK	la-vuelta-de-martin-fierro-tinta-y-datos.epub	fila 312
2026-09-18T23:43:28	OK	lagrimas-tinta-y-datos.epub	fila 408
2026-09-18T23:43:29	OK	las-ciencias-ocultas-en-la-ciudad-de-buenos-aires-tinta-y-datos.epub	fila 786
2026-09-18T23:43:30	OK	las-dos-emparedadas-tinta-y-datos.epub	fila 800
2026-09-18T23:43:30	OK	las-dos-gracias-tinta-y-datos.epub	fila 410
2026-09-18T23:43:31	OK	las-fuerzas-extranas-tinta-y-datos.epub	fila 517
2026-09-18T23:43:32	OK	las-gentes-que-son-asi-tinta-y-datos.epub	fila 716
2026-09-18T23:43:32	OK	las-jamonas-tinta-y-datos.epub	fila 720
2026-09-18T23:43:33	OK	las-larvas-tinta-y-datos.epub	fila 853
2026-09-18T23:43:33	OK	las-mejores-tradiciones-peruanas-tinta-y-datos.epub	fila 900
2026-09-18T23:43:34	OK	las-ovejas-y-las-rosas-del-padre-serafin-tinta-y-datos.epub	fila 839
2026-09-18T23:43:35	OK	las-posadas-tinta-y-datos.epub	fila 731
2026-09-18T23:43:35	OK	las-sacrificadas-tinta-y-datos.epub	fila 364
2026-09-18T23:43:36	OK	las-tormentas-del-48-tinta-y-datos.epub	fila 583
2026-09-18T23:43:36	OK	lena-seca-tinta-y-datos.epub	fila 349
2026-09-18T23:43:37	OK	letras-tinta-y-datos.epub	fila 334
2026-09-18T23:43:38	OK	leyenda-de-hachisch-tinta-y-datos.epub	fila 763
2026-09-18T23:43:38	OK	leyendas-del-antiguo-oriente-tinta-y-datos.epub	fila 452
2026-09-18T23:43:39	OK	lo-prohibido-tinta-y-datos.epub	fila 531
2026-09-18T23:43:40	OK	loquedicehistoria-tinta-y-datos.epub	fila 994
2026-09-18T23:43:40	OK	los-anticuarios-tinta-y-datos.epub	fila 394
2026-09-18T23:43:41	OK	los-apostolicos-tinta-y-datos.epub	fila 566
2026-09-18T23:43:42	OK	los-arrecifes-de-coral-tinta-y-datos.epub	fila 361
2026-09-18T23:43:43	OK	los-ayacuchos-tinta-y-datos.epub	fila 558
2026-09-18T23:43:44	OK	los-bandidos-de-rio-frio-tinta-y-datos.epub	fila 319
2026-09-18T23:43:44	OK	los-ceros-tinta-y-datos.epub	fila 807
2026-09-18T23:43:45	OK	los-cien-mil-hijos-de-san-luis-tinta-y-datos.epub	fila 561
2026-09-18T23:43:45	OK	los-cruzados-de-la-causa-tinta-y-datos.epub	fila 472
2026-09-18T23:43:46	OK	los-cuatro-jinetes-del-apocalipsis-tinta-y-datos.epub	fila 236
2026-09-18T23:43:47	OK	los-cuentos-del-general-tinta-y-datos.epub	fila 806
2026-09-18T23:43:47	OK	los-desterrados-y-otros-cuentos-tinta-y-datos.epub	fila 380
2026-09-18T23:43:48	OK	los-duendes-de-la-camarilla-tinta-y-datos.epub	fila 569
2026-09-18T23:43:49	OK	los-espirituados-tinta-y-datos.epub	fila 395
2026-09-18T23:43:50	OK	los-estrenos-cinematograficos-tinta-y-datos.epub	fila 367
2026-09-18T23:43:50	OK	los-favores-del-mundo-tinta-y-datos.epub	fila 739
2026-09-18T23:43:51	OK	los-fuerenos-tinta-y-datos.epub	fila 726
2026-09-18T23:43:52	OK	los-hijos-del-sol-tinta-y-datos.epub	fila 746
2026-09-18T23:43:52	OK	los-inadaptados-tinta-y-datos.epub	fila 396
2026-09-18T23:43:53	OK	los-insurgentes-tinta-y-datos.epub	fila 733
2026-09-18T23:43:53	OK	los-lanzallamas-tinta-y-datos.epub	fila 781
2026-09-18T23:43:54	OK	los-mariditos-tinta-y-datos.epub	fila 728
2026-09-18T23:43:55	OK	los-miseros-tinta-y-datos.epub	fila 402
2026-09-18T23:43:55	OK	los-motivos-de-proteo-tinta-y-datos.epub	fila 330
2026-09-18T23:43:56	OK	los-ojos-de-judas-tinta-y-datos.epub	fila 755
2026-09-18T23:43:57	OK	los-ojos-de-la-reina-tinta-y-datos.epub	fila 513
2026-09-18T23:43:57	OK	los-ojos-negros-tinta-y-datos.epub	fila 507
2026-09-18T23:43:58	OK	los-parientes-ricos-tinta-y-datos.epub	fila 808
2026-09-18T23:43:59	OK	los-pazos-de-ulloa-tinta-y-datos.epub	fila 20
2026-09-18T23:43:59	OK	los-piratas-del-golfo-tinta-y-datos.epub	fila 802
2026-09-18T23:44:00	OK	los-piratas-en-cartagena-tinta-y-datos.epub	fila 432
2026-09-18T23:44:01	OK	los-raros-tinta-y-datos.epub	fila 283
2026-09-18T23:44:02	OK	los-seis-velos-tinta-y-datos.epub	fila 502
2026-09-18T23:44:03	OK	los-siete-locos-tinta-y-datos.epub	fila 779
2026-09-18T23:44:03	OK	los-trabajos-de-persiles-y-segismunda-tinta-y-datos.epub	fila 301
2026-09-18T23:44:04	OK	luces-de-bohemia-tinta-y-datos.epub	fila 484
2026-09-18T23:44:05	OK	luchana-tinta-y-datos.epub	fila 555
2026-09-18T23:44:05	OK	lucia-miranda-tinta-y-datos.epub	fila 794
2026-09-18T23:44:06	OK	macachines-tinta-y-datos.epub	fila 350
2026-09-18T23:44:06	OK	maese-perez-el-organista-tinta-y-datos.epub	fila 634
2026-09-18T23:44:07	OK	mananas-de-abril-y-mayo-tinta-y-datos.epub	fila 509
2026-09-18T23:44:08	OK	manuel-lozada-el-tigre-de-alica-tinta-y-datos.epub	fila 738
2026-09-18T23:44:08	OK	maravillas-del-cielo-tinta-y-datos.epub	fila 1000
2026-09-18T23:44:09	OK	mare-nostrum-tinta-y-datos.epub	fila 277
2026-09-18T23:44:10	OK	maria-tinta-y-datos.epub	fila 7
2026-09-18T23:44:10	OK	marianela-tinta-y-datos.epub	fila 605
2026-09-18T23:44:11	OK	mariluan-tinta-y-datos.epub	fila 248
2026-09-18T23:44:12	OK	mariquita-y-antonio-tinta-y-datos.epub	fila 450
2026-09-18T23:44:13	OK	martes-de-carnaval-tinta-y-datos.epub	fila 470
2026-09-18T23:44:14	OK	martin-garatuza-tinta-y-datos.epub	fila 803
2026-09-18T23:44:14	OK	martin-rivas-tinta-y-datos.epub	fila 202
2026-09-18T23:44:15	OK	maruja-rosa-fruta-cancion-tinta-y-datos.epub	fila 843
2026-09-18T23:44:15	OK	mas-alla-y-otros-cuentos-tinta-y-datos.epub	fila 377
2026-09-18T23:44:16	OK	memorias-de-un-cortesano-de-1815-tinta-y-datos.epub	fila 603
2026-09-18T23:44:17	OK	memorias-de-un-impostor-tinta-y-datos.epub	fila 804
2026-09-18T23:44:17	OK	memorias-de-un-solteron-adan-y-eva-tinta-y-datos.epub	fila 657
2026-09-18T23:44:18	OK	memorias-de-un-vigilante-tinta-y-datos.epub	fila 792
2026-09-18T23:44:19	OK	mendizabal-tinta-y-datos.epub	fila 570
2026-09-18T23:44:19	OK	mercedes-tinta-y-datos.epub	fila 434
2026-09-18T23:44:20	OK	mi-hermana-antonia-tinta-y-datos.epub	fila 476
2026-09-18T23:44:20	OK	mi-unica-mentira-tinta-y-datos.epub	fila 817
2026-09-18T23:44:21	OK	miau-tinta-y-datos.epub	fila 548
2026-09-18T23:44:22	OK	misericordia-tinta-y-datos.epub	fila 551
2026-09-18T23:44:23	OK	misterio-tinta-y-datos.epub	fila 645
2026-09-18T23:44:23	OK	monja-y-casada-virgen-y-martir-tinta-y-datos.epub	fila 801
2026-09-18T23:44:24	OK	montes-de-oca-tinta-y-datos.epub	fila 588
2026-09-18T23:44:25	OK	moralsocial-tinta-y-datos.epub	fila 984
2026-09-18T23:44:25	OK	moros-y-cristianos-tinta-y-datos.epub	fila 506
2026-09-18T23:44:26	OK	morrina-tinta-y-datos.epub	fila 659
2026-09-18T23:44:27	OK	morsamor-tinta-y-datos.epub	fila 437
2026-09-18T23:44:27	OK	nadie-se-muere-hasta-que-dios-quiere-tinta-y-datos.epub	fila 907
2026-09-18T23:44:28	OK	napoleon-en-chamartin-tinta-y-datos.epub	fila 592
2026-09-18T23:44:29	OK	narraciones-inverosimiles-tinta-y-datos.epub	fila 492
2026-09-18T23:44:29	OK	narvaez-tinta-y-datos.epub	fila 575
2026-09-18T23:44:30	OK	nativa-tinta-y-datos.epub	fila 701
2026-09-18T23:44:31	OK	nazarin-tinta-y-datos.epub	fila 556
2026-09-18T23:44:32	OK	niebla-tinta-y-datos.epub	fila 22
2026-09-18T23:44:32	OK	no-transige-la-conciencia-tinta-y-datos.epub	fila 418
2026-09-18T23:44:33	OK	noche-al-raso-tinta-y-datos.epub	fila 714
2026-09-18T23:44:34	OK	novelas-amorosas-y-ejemplares-tinta-y-datos.epub	fila 644
2026-09-18T23:44:34	OK	novelas-cortas-tinta-y-datos.epub	fila 494
2026-09-18T23:44:35	OK	novelas-ejemplares-tinta-y-datos.epub	fila 300
2026-09-18T23:44:36	OK	novelas-en-germen-tinta-y-datos.epub	fila 851
2026-09-18T23:44:36	OK	novelas-y-cuadros-de-la-vida-sur-americana-tinta-y-datos.epub	fila 299
2026-09-18T23:44:37	OK	nuevas-aguafuertes-tinta-y-datos.epub	fila 777
2026-09-18T23:44:38	OK	nuevas-cartas-americanas-tinta-y-datos.epub	fila 446
2026-09-18T23:44:39	OK	nuevaspoesias-tinta-y-datos.epub	fila 989
2026-09-18T23:44:39	OK	o-donnell-tinta-y-datos.epub	fila 576
2026-09-18T23:44:40	OK	oasis-en-la-vida-tinta-y-datos.epub	fila 423
2026-09-18T23:44:41	OK	olga-catalina-tinta-y-datos.epub	fila 846
2026-09-18T23:44:41	OK	paco-yunque-tinta-y-datos.epub	fila 263
2026-09-18T23:44:42	OK	pago-chico-tinta-y-datos.epub	fila 317
2026-09-18T23:44:42	OK	paisanas-tinta-y-datos.epub	fila 356
2026-09-18T23:44:43	OK	parisiana-tinta-y-datos.epub	fila 332
2026-09-18T23:44:44	OK	pasado-amor-tinta-y-datos.epub	fila 365
2026-09-18T23:44:44	OK	pasarse-de-listo-tinta-y-datos.epub	fila 448
2026-09-18T23:44:45	OK	pascual-lopez-tinta-y-datos.epub	fila 671
2026-09-18T23:44:46	OK	patagonia-tinta-y-datos.epub	fila 974
2026-09-18T23:44:46	OK	paz-en-la-guerra-tinta-y-datos.epub	fila 279
2026-09-18T23:44:47	OK	pedro-de-urdemalas-tinta-y-datos.epub	fila 306
2026-09-18T23:44:47	OK	peregrinaciones-tinta-y-datos.epub	fila 285
2026-09-18T23:44:48	OK	perico-paciencia-tinta-y-datos.epub	fila 842
2026-09-18T23:44:49	OK	pobre-dolores-tinta-y-datos.epub	fila 412
2026-09-18T23:44:49	OK	poemas-y-sonetos-tinta-y-datos.epub	fila 226
2026-09-18T23:44:50	OK	poesia-completa-tinta-y-datos.epub	fila 742
2026-09-18T23:44:51	OK	poetascolor-tinta-y-datos.epub	fila 997
2026-09-18T23:44:51	OK	por-donde-se-sube-al-cielo-tinta-y-datos.epub	fila 526
2026-09-18T23:44:52	OK	potros-toros-y-aperiases-tinta-y-datos.epub	fila 358
2026-09-18T23:44:52	OK	prehistoria-de-puerto-rico-tinta-y-datos.epub	fila 950
2026-09-18T23:44:53	OK	prim-tinta-y-datos.epub	fila 571
2026-09-18T23:44:54	OK	primitivo-tinta-y-datos.epub	fila 834
2026-09-18T23:44:54	OK	prosas-profanas-tinta-y-datos.epub	fila 284
2026-09-18T23:44:55	OK	prueba-de-amor-tinta-y-datos.epub	fila 789
2026-09-18T23:44:55	OK	punal-de-claveles-tinta-y-datos.epub	fila 403
2026-09-18T23:44:56	OK	quiero-vivir-mi-vida-tinta-y-datos.epub	fila 390
2026-09-18T23:44:57	OK	quilito-tinta-y-datos.epub	fila 951
2026-09-18T23:44:57	OK	rafaelcordero-tinta-y-datos.epub	fila 995
2026-09-18T23:44:58	OK	ranchos-costumbres-del-campo-tinta-y-datos.epub	fila 357
2026-09-18T23:44:59	OK	ranquelesi-tinta-y-datos.epub	fila 963
2026-09-18T23:44:59	OK	ranquelesii-tinta-y-datos.epub	fila 964
2026-09-18T23:45:00	OK	realidad-tinta-y-datos.epub	fila 542
2026-09-18T23:45:01	OK	recuerdos-de-provincia-tinta-y-datos.epub	fila 260
2026-09-18T23:45:02	OK	recuerdosi-tinta-y-datos.epub	fila 968
2026-09-18T23:45:02	OK	recuerdosii-tinta-y-datos.epub	fila 969
2026-09-18T23:45:03	OK	reglasconsejos-tinta-y-datos.epub	fila 967
2026-09-18T23:45:04	OK	relaciones-tinta-y-datos.epub	fila 406
2026-09-18T23:45:04	OK	repisas-tinta-y-datos.epub	fila 771
2026-09-18T23:45:05	OK	retablo-de-la-avaricia-la-lujuria-y-la-muerte-tinta-y-datos.epub	fila 482
2026-09-18T23:45:06	OK	rimas-tinta-y-datos.epub	fila 3
2026-09-18T23:45:06	OK	romance-de-lobos-tinta-y-datos.epub	fila 477
2026-09-18T23:45:07	OK	rosita-elguero-tinta-y-datos.epub	fila 825
2026-09-18T23:45:08	OK	rusia-en-1931-tinta-y-datos.epub	fila 916
2026-09-18T23:45:09	OK	sab-tinta-y-datos.epub	fila 288
2026-09-18T23:45:09	OK	san-manuel-bueno-martir-tinta-y-datos.epub	fila 282
2026-09-18T23:45:10	OK	sangre-expiatoria-tinta-y-datos.epub	fila 847
2026-09-18T23:45:10	OK	sangre-y-arena-tinta-y-datos.epub	fila 234
2026-09-18T23:45:11	OK	saverio-el-cruel-tinta-y-datos.epub	fila 782
2026-09-18T23:45:12	OK	simon-el-mago-tinta-y-datos.epub	fila 325
2026-09-18T23:45:12	OK	sin-rumbo-tinta-y-datos.epub	fila 327
2026-09-18T23:45:13	OK	sobre-el-arte-de-contar-historias-tinta-y-datos.epub	fila 381
2026-09-18T23:45:13	OK	soledades-tinta-y-datos.epub	fila 23
2026-09-18T23:45:14	OK	soy-tengo-y-quiero-tinta-y-datos.epub	fila 510
2026-09-18T23:45:14	OK	su-unico-hijo-tinta-y-datos.epub	fila 287
2026-09-18T23:45:15	OK	sub-sole-tinta-y-datos.epub	fila 246
2026-09-18T23:45:16	OK	sub-terra-tinta-y-datos.epub	fila 203
2026-09-18T23:45:17	OK	suelo-natal-tinta-y-datos.epub	fila 362
2026-09-18T23:45:17	OK	sumaincas-tinta-y-datos.epub	fila 983
2026-09-18T23:45:18	OK	tablado-de-marionetas-para-educacion-de-principes-tinta-y-datos.epub	fila 481
2026-09-18T23:45:19	OK	tardes-del-fogon-tinta-y-datos.epub	fila 348
2026-09-18T23:45:19	OK	teatrillo-de-enredo-tinta-y-datos.epub	fila 485
2026-09-18T23:45:20	OK	teresa-la-limena-tinta-y-datos.epub	fila 433
2026-09-18T23:45:21	OK	textos-fronterizos-tinta-y-datos.epub	fila 378
2026-09-18T23:45:22	OK	theros-tinta-y-datos.epub	fila 610
2026-09-18T23:45:23	OK	thespis-tinta-y-datos.epub	fila 689
2026-09-18T23:45:23	OK	tierras-solares-tinta-y-datos.epub	fila 833
2026-09-18T23:45:24	OK	tirano-banderas-tinta-y-datos.epub	fila 458
2026-09-18T23:45:24	OK	to-rooo-tinta-y-datos.epub	fila 818
2026-09-18T23:45:25	OK	todo-al-vuelo-tinta-y-datos.epub	fila 335
2026-09-18T23:45:26	OK	tormento-tinta-y-datos.epub	fila 552
2026-09-18T23:45:26	OK	torquemada-en-el-purgatorio-tinta-y-datos.epub	fila 550
2026-09-18T23:45:27	OK	torquemada-en-la-cruz-tinta-y-datos.epub	fila 572
2026-09-18T23:45:28	OK	torquemada-en-la-hoguera-tinta-y-datos.epub	fila 611
2026-09-18T23:45:28	OK	torquemada-y-san-pedro-tinta-y-datos.epub	fila 560
2026-09-18T23:45:29	OK	tradiciones-en-salsa-verde-tinta-y-datos.epub	fila 902
2026-09-18T23:45:30	OK	tradiciones-peruanas-i-tinta-y-datos.epub	fila 16
2026-09-18T23:45:30	OK	tradiciones-peruanas-ii-tinta-y-datos.epub	fila 266
2026-09-18T23:45:31	OK	tradiciones-peruanas-iii-tinta-y-datos.epub	fila 267
2026-09-18T23:45:32	OK	tradiciones-peruanas-tinta-y-datos.epub	fila 901
2026-09-18T23:45:33	OK	trafalgar-tinta-y-datos.epub	fila 606
2026-09-18T23:45:33	OK	tres-senas-dos-ases-tinta-y-datos.epub	fila 749
2026-09-18T23:45:34	OK	trescientos-millones-tinta-y-datos.epub	fila 780
2026-09-18T23:45:35	OK	tristana-tinta-y-datos.epub	fila 593
2026-09-18T23:45:35	OK	tropiquillos-tinta-y-datos.epub	fila 615
2026-09-18T23:45:36	OK	un-bastardo-de-narizotas-tinta-y-datos.epub	fila 486
2026-09-18T23:45:36	OK	un-boceto-del-natural-tinta-y-datos.epub	fila 635
2026-09-18T23:45:37	OK	un-crimen-tinta-y-datos.epub	fila 435
2026-09-18T23:45:37	OK	un-dia-de-campo-tinta-y-datos.epub	fila 251
2026-09-18T23:45:38	OK	un-faccioso-mas-y-algunos-frailes-menos-tinta-y-datos.epub	fila 577
2026-09-18T23:45:39	OK	un-hombre-muerto-a-puntapies-cuentos-tinta-y-datos.epub	fila 824
2026-09-18T23:45:39	OK	un-idilio-tinta-y-datos.epub	fila 379
2026-09-18T23:45:40	OK	un-servilon-y-un-liberalito-tinta-y-datos.epub	fila 415
2026-09-18T23:45:40	OK	un-sueno-tinta-y-datos.epub	fila 522
2026-09-18T23:45:41	OK	un-tribunal-literario-tinta-y-datos.epub	fila 620
2026-09-18T23:45:42	OK	un-viaje-de-novios-tinta-y-datos.epub	fila 669
2026-09-18T23:45:42	OK	un-voluntario-realista-tinta-y-datos.epub	fila 578
2026-09-18T23:45:43	OK	una-cristiana-tinta-y-datos.epub	fila 661
2026-09-18T23:45:44	OK	una-en-otra-tinta-y-datos.epub	fila 409
2026-09-18T23:45:45	OK	una-excomunion-famosa-tinta-y-datos.epub	fila 908
2026-09-18T23:45:45	OK	una-industria-que-vive-de-la-muerte-tinta-y-datos.epub	fila 619
2026-09-18T23:45:46	OK	una-mentira-tinta-y-datos.epub	fila 520
2026-09-18T23:45:46	OK	una-tertulia-de-antano-tinta-y-datos.epub	fila 487
2026-09-18T23:45:47	OK	una-visita-al-manicomio-tinta-y-datos.epub	fila 428
2026-09-18T23:45:48	OK	vacuna-tinta-y-datos.epub	fila 978
2026-09-18T23:45:48	OK	veinte-dias-en-genova-tinta-y-datos.epub	fila 694
2026-09-18T23:45:49	OK	venida-del-primogenito-tinta-y-datos.epub	fila 386
2026-09-18T23:45:50	OK	vergara-tinta-y-datos.epub	fila 559
2026-09-18T23:45:50	OK	viaje-a-la-isla-de-mallorca-en-el-estio-de-1845-tinta-y-datos.epub	fila 795
2026-09-18T23:45:51	OK	viaje-a-nicaragua-tinta-y-datos.epub	fila 333
2026-09-18T23:45:52	OK	viaje-maravilloso-del-senor-nic-nac-tinta-y-datos.epub	fila 686
2026-09-18T23:45:52	OK	viaje-terrible-tinta-y-datos.epub	fila 785
2026-09-18T23:45:53	OK	viajeeeuui-tinta-y-datos.epub	fila 956
2026-09-18T23:45:54	OK	viajeeeuuii-tinta-y-datos.epub	fila 957
2026-09-18T23:45:55	OK	viajeeeuuiii-tinta-y-datos.epub	fila 958
2026-09-18T23:45:55	OK	viajes-por-espana-tinta-y-datos.epub	fila 499
2026-09-18T23:45:56	OK	vida-del-ahorcado-tinta-y-datos.epub	fila 821
2026-09-18T23:45:57	OK	vida-loca-tinta-y-datos.epub	fila 796
2026-09-18T23:45:57	OK	vistazos-tinta-y-datos.epub	fila 725
2026-09-18T23:45:58	OK	viva-mi-dueno-tinta-y-datos.epub	fila 457
2026-09-18T23:45:59	OK	vulgaridad-y-nobleza-tinta-y-datos.epub	fila 413
2026-09-18T23:45:59	OK	xaimaca-tinta-y-datos.epub	fila 315
2026-09-18T23:46:00	OK	yerba-santa-tinta-y-datos.epub	fila 750
2026-09-18T23:46:01	OK	yuyos-tinta-y-datos.epub	fila 353
2026-09-18T23:46:01	OK	zaragoza-tinta-y-datos.epub	fila 584
2026-09-18T23:46:02	OK	zumalacarregui-tinta-y-datos.epub	fila 573
2026-09-18T23:46:02	FIN	ok=680	fallos=0
