2026-09-17T14:35:52	INICIO	10 pendientes	pausa=5.0s
2026-09-17T14:36:00	OK	obras/aa-dispersos.json
2026-09-17T14:36:06	OK	obras/acosta-novelas.json
2026-09-17T14:36:13	OK	obras/ad-brenda.json
2026-09-17T14:36:19	OK	obras/ad-combatetapera.json
2026-09-17T14:36:24	OK	obras/ad-desdetroncoombu.json
2026-09-17T14:36:37	OK	obras/ad-dispersos.json
2026-09-17T14:36:43	OK	obras/ad-gritogloria.json
2026-09-17T14:36:49	OK	obras/ad-idiliosprecoces.json
2026-09-17T14:36:55	OK	obras/ad-ismael.json
2026-09-17T14:37:02	OK	obras/ad-nativa.json
2026-09-17T14:37:02	FIN	ok=10	fallos=0
2026-09-17T14:39:29	INICIO	683 pendientes	pausa=5.0s
2026-09-17T14:39:31	OK	obras/al-alpujarra.json
2026-09-17T14:39:37	OK	obras/al-amigomuerte.json
2026-09-17T14:39:43	OK	obras/al-anoenspitzberg.json
2026-09-17T14:39:49	OK	obras/al-capitanveneno.json
2026-09-17T14:39:55	OK	obras/al-clavo.json
2026-09-17T14:40:01	OK	obras/al-cuentosamatorios.json
2026-09-17T14:40:07	OK	obras/al-escandalo.json
2026-09-17T14:40:13	OK	obras/al-finalnorma.json
2026-09-17T14:40:19	OK	obras/al-historietasnaciona.json
2026-09-17T14:40:25	OK	obras/al-mananasabrilmayo.json
2026-09-17T14:40:31	OK	obras/al-moroscristianos.json
2026-09-17T14:40:38	OK	obras/al-mujeralta.json
2026-09-17T14:40:44	OK	obras/al-narracionesinveros.json
2026-09-17T14:40:51	OK	obras/al-ninobola.json
2026-09-17T14:40:57	OK	obras/al-novelascortas.json
2026-09-17T14:41:02	OK	obras/al-nuevaspoesias.json
2026-09-17T14:41:08	OK	obras/al-ojosnegros.json
2026-09-17T14:41:14	OK	obras/al-prodiga.json
2026-09-17T14:41:20	OK	obras/al-seisvelos.json
2026-09-17T14:41:26	OK	obras/al-soytengoquiero.json
2026-09-17T14:41:32	OK	obras/al-viajesporespana.json
2026-09-17T14:41:39	OK	obras/altamirano-clemencia.json
2026-09-17T14:41:44	OK	obras/altamirano-navidad.json
2026-09-17T14:41:51	OK	obras/altamirano-zarco.json
2026-09-17T14:41:57	OK	obras/am-cerrocampanas.json
2026-09-17T14:42:04	OK	obras/am-insurgentes.json
2026-09-17T14:42:10	OK	obras/am-majestadcaida.json
2026-09-17T14:42:15	OK	obras/ao-bolivia.json
2026-09-17T14:42:22	OK	obras/ar-aguafuertesgalle.json
2026-09-17T14:42:28	OK	obras/ar-aguafuertesporte.json
2026-09-17T14:42:34	OK	obras/ar-aguafuertesvasca.json
2026-09-17T14:42:40	OK	obras/ar-amorbrujo.json
2026-09-17T14:42:46	OK	obras/ar-cienciasocultasc.json
2026-09-17T14:42:52	OK	obras/ar-fabricantefantas.json
2026-09-17T14:42:58	OK	obras/ar-jugueterabioso.json
2026-09-17T14:43:05	OK	obras/ar-lanzallamas.json
2026-09-17T14:43:11	OK	obras/ar-nuevasaguafuerte.json
2026-09-17T14:43:17	OK	obras/ar-pruebaamor.json
2026-09-17T14:43:23	OK	obras/ar-saveriocruel.json
2026-09-17T14:43:29	OK	obras/ar-sietelocos.json
2026-09-17T14:43:46	OK	obras/ar-trescientosmillo.json
2026-09-17T14:43:52	OK	obras/ar-viajeterrible.json
2026-09-17T14:43:58	OK	obras/arenal-educacion.json
2026-09-17T14:44:04	OK	obras/arenal-porvenir.json
2026-09-17T14:44:10	OK	obras/as-contramarea.json
2026-09-17T14:44:16	OK	obras/at-de-la-lucha.json
2026-09-17T14:44:23	OK	obras/av-besoevans.json
2026-09-17T14:44:29	OK	obras/av-buquenegro.json
2026-09-17T14:44:36	OK	obras/av-caballerocarmelo.json
2026-09-17T14:44:42	OK	obras/av-caballerocarmelox.json
2026-09-17T14:44:50	OK	obras/av-circulomuerte.json
2026-09-17T14:44:56	OK	obras/av-ciudadmuerta.json
2026-09-17T14:45:02	OK	obras/av-ciudadtisicos.json
2026-09-17T14:45:08	OK	obras/av-cuentoscompletos.json
2026-09-17T14:45:14	OK	obras/av-hebaristosaucequ.json
2026-09-17T14:45:20	OK	obras/av-hijossol.json
2026-09-17T14:45:26	OK	obras/av-hipocampooro.json
2026-09-17T14:45:32	OK	obras/av-historiavidadocu.json
2026-09-17T14:45:39	OK	obras/av-mariscala.json
2026-09-17T14:45:45	OK	obras/av-ojosjudas.json
2026-09-17T14:45:51	OK	obras/av-paraca.json
2026-09-17T14:45:57	OK	obras/av-poesiacompleta.json
2026-09-17T14:46:03	OK	obras/av-tressenasdosases.json
2026-09-17T14:46:09	OK	obras/av-vuelocondores.json
2026-09-17T14:46:15	OK	obras/av-yerbasanta.json
2026-09-17T14:46:21	OK	obras/avellaneda-dosmujeres.json
2026-09-17T14:46:27	OK	obras/avellaneda-sab.json
2026-09-17T14:46:33	OK	obras/barrett-almargen.json
2026-09-17T14:47:12	OK	obras/barrett-cuentos.json
2026-09-17T14:47:18	OK	obras/bc-amor-de-nino.json
2026-09-17T14:47:23	OK	obras/bd-conquistai.json
2026-09-17T14:47:29	OK	obras/bd-conquistaii.json
2026-09-17T14:47:34	OK	obras/bd-conquistaiii.json
2026-09-17T14:47:40	OK	obras/be-bocetonatural.json
2026-09-17T14:47:46	OK	obras/be-cartasdesdemicel.json
2026-09-17T14:47:52	OK	obras/be-cartasliterarias.json
2026-09-17T14:47:58	OK	obras/be-caudillomanosroj.json
2026-09-17T14:48:03	OK	obras/be-creacion.json
2026-09-17T14:48:09	OK	obras/be-creeddios.json
2026-09-17T14:48:33	OK	obras/be-dispersos.json
2026-09-17T14:48:39	OK	obras/be-esraro.json
2026-09-17T14:48:44	OK	obras/be-gnomo.json
2026-09-17T14:48:50	OK	obras/be-maeseperezorgani.json
2026-09-17T14:48:56	OK	obras/be-monteanimas.json
2026-09-17T14:49:02	OK	obras/be-promesa.json
2026-09-17T14:49:08	OK	obras/be-rosapasion.json
2026-09-17T14:49:14	OK	obras/bf-cuentospoeta.json
2026-09-17T14:49:20	OK	obras/blasco-arroz.json
2026-09-17T14:49:26	OK	obras/blasco-bodega.json
2026-09-17T14:49:33	OK	obras/blasco-calafia.json
2026-09-17T14:49:39	OK	obras/blasco-canas.json
2026-09-17T14:49:45	OK	obras/blasco-catedral.json
2026-09-17T14:49:51	OK	obras/blasco-horda.json
2026-09-17T14:49:59	OK	obras/blasco-jinetes.json
2026-09-17T14:50:05	OK	obras/blasco-maja.json
2026-09-17T14:50:12	OK	obras/blasco-mare.json
2026-09-17T14:50:18	OK	obras/blasco-naranjos.json
2026-09-17T14:50:24	OK	obras/blasco-papa.json
2026-09-17T14:50:30	OK	obras/blasco-sangre.json
2026-09-17T14:50:36	OK	obras/blestgana-diadecampo.json
2026-09-17T14:50:43	OK	obras/blestgana-gladys.json
2026-09-17T14:50:50	OK	obras/blestgana-locoestero.json
2026-09-17T14:50:56	OK	obras/blestgana-mariluan.json
2026-09-17T14:51:03	OK	obras/blestgana-martinrivas.json
2026-09-17T14:51:08	OK	obras/blestgana-venganza.json
2026-09-17T14:51:14	OK	obras/bm-rimas.json
2026-09-17T14:51:21	OK	obras/bt-argentinaconquis.json
2026-09-17T14:51:27	OK	obras/bu-alucinacion.json
2026-09-17T14:51:33	OK	obras/bu-amadis.json
2026-09-17T14:51:40	OK	obras/bu-anticuarios.json
2026-09-17T14:51:46	OK	obras/bu-ciudadencantada.json
2026-09-17T14:51:52	OK	obras/bu-confidencias.json
2026-09-17T14:51:58	OK	obras/bu-cuentoscolombine.json
2026-09-17T14:52:04	OK	obras/bu-espirituados.json
2026-09-17T14:52:11	OK	obras/bu-inadaptados.json
2026-09-17T14:52:17	OK	obras/bu-justiciadelmar.json
2026-09-17T14:52:23	OK	obras/bu-miseros.json
2026-09-17T14:52:29	OK	obras/bu-mujerfantastica.json
2026-09-17T14:52:35	OK	obras/bu-mujerfria.json
2026-09-17T14:52:41	OK	obras/bu-perseguidor.json
2026-09-17T14:52:48	OK	obras/bu-punalclaveles.json
2026-09-17T14:52:54	OK	obras/bu-quierovivirmivida.json
2026-09-17T14:53:00	OK	obras/bu-ultimodeseo.json
2026-09-17T14:53:06	OK	obras/burgos-malcasada.json
2026-09-17T14:53:12	OK	obras/burgos-rampa.json
2026-09-17T14:53:19	OK	obras/caballero-clemencia.json
2026-09-17T14:53:25	OK	obras/caballero-gaviota.json
2026-09-17T14:53:31	OK	obras/cambaceres-sangre.json
2026-09-17T14:53:37	OK	obras/cambaceres-sinrumbo.json
2026-09-17T14:53:43	OK	obras/carrasquilla-diestra.json
2026-09-17T14:53:49	OK	obras/carrasquilla-simon.json
2026-09-17T14:53:55	OK	obras/cb-capitanperez.json
2026-09-17T14:54:01	OK	obras/cb-madrinalita.json
2026-09-17T14:54:07	OK	obras/cb-thespis.json
2026-09-17T14:54:13	OK	obras/cb-ultimograndeespa.json
2026-09-17T14:54:19	OK	obras/cd-origenhombre.json
2026-09-17T14:54:25	OK	obras/cervantes-cueva.json
2026-09-17T14:54:32	OK	obras/cervantes-ejemplares.json
2026-09-17T14:54:38	OK	obras/cervantes-numancia.json
2026-09-17T14:54:44	OK	obras/cervantes-parnaso.json
2026-09-17T14:54:50	OK	obras/cervantes-persiles.json
2026-09-17T14:54:57	OK	obras/cervantes-quijote.json
2026-09-17T14:55:03	OK	obras/cervantes-retablo.json
2026-09-17T14:55:09	OK	obras/cervantes-urdemalas.json
2026-09-17T14:55:15	OK	obras/cg-cuentosgrises.json
2026-09-17T14:55:22	OK	obras/cl-adrianazumaran.json
2026-09-17T14:55:27	OK	obras/cl-cronicaperu.json
2026-09-17T14:55:34	OK	obras/clarin-cuentosmorales.json
2026-09-17T14:55:40	OK	obras/clarin-regenta.json
2026-09-17T14:55:47	OK	obras/clarin-unicohijo.json
2026-09-17T14:55:53	OK	obras/cp-cuentomarionetes.json
2026-09-17T14:55:59	OK	obras/cp-cuentosmalevolos.json
2026-09-17T14:56:05	OK	obras/cp-granjablanca.json
2026-09-17T14:56:11	OK	obras/cp-leyendahachisch.json
2026-09-17T14:56:17	OK	obras/cr-primitivo.json
2026-09-17T14:56:22	OK	obras/ct-colonpr.json
2026-09-17T14:56:27	OK	obras/ct-instruccionpr.json
2026-09-17T14:56:32	OK	obras/ct-prehistoriapr.json
2026-09-17T14:56:44	OK	obras/cv-dispersos.json
2026-09-17T14:56:50	OK	obras/cv-escalas.json
2026-09-17T14:56:56	OK	obras/cv-fablasalvaje.json
2026-09-17T14:57:02	OK	obras/cv-haciareinosciris.json
2026-09-17T14:57:09	OK	obras/cv-rusia1931.json
2026-09-17T14:57:14	OK	obras/da-vidaloca.json
2026-09-17T14:57:21	OK	obras/dario-autobiografia.json
2026-09-17T14:57:27	OK	obras/dario-azul.json
2026-09-17T14:57:33	OK	obras/dario-cabezas.json
2026-09-17T14:57:39	OK	obras/dario-cantoerrante.json
2026-09-17T14:57:45	OK	obras/dario-cantos.json
2026-09-17T14:57:51	OK	obras/dario-caravana.json
2026-09-17T14:57:57	OK	obras/dario-historialibros.json
2026-09-17T14:58:03	OK	obras/dario-letras.json
2026-09-17T14:58:09	OK	obras/dario-oromallorca.json
2026-09-17T14:58:15	OK	obras/dario-parisiana.json
2026-09-17T14:58:21	OK	obras/dario-peregrinaciones.json
2026-09-17T14:58:27	OK	obras/dario-prosas.json
2026-09-17T14:58:35	OK	obras/dario-raros.json
2026-09-17T14:58:41	OK	obras/dario-tierrassolares.json
2026-09-17T14:58:47	OK	obras/dario-todoalvuelo.json
2026-09-17T14:58:53	OK	obras/dario-viajenicaragua.json
2026-09-17T14:58:59	OK	obras/dc-clasemedia.json
2026-09-17T14:59:05	OK	obras/dc-diablomexico.json
2026-09-17T14:59:13	OK	obras/dc-gilgomezinsurgen.json
2026-09-17T14:59:19	OK	obras/diazgarces-cuentos.json
2026-09-17T14:59:25	OK	obras/dr-azul-palido.json
2026-09-17T14:59:31	OK	obras/dr-las-ovejas-y-las.json
2026-09-17T14:59:38	OK	obras/eb-capirotazos.json
2026-09-17T14:59:44	OK	obras/eb-fuegolento.json
2026-09-17T14:59:51	OK	obras/eb-fuga.json
2026-09-17T14:59:57	OK	obras/eb-larvas.json
2026-09-17T15:00:04	OK	obras/eb-nochedormida.json
2026-09-17T15:00:10	OK	obras/eb-novelasgermen.json
2026-09-17T15:00:16	OK	obras/ec-camila.json
2026-09-17T15:00:22	OK	obras/ec-fausto.json
2026-09-17T15:00:28	OK	obras/echeverria-cautiva.json
2026-09-17T15:00:34	OK	obras/echeverria-matadero.json
2026-09-17T15:00:40	OK	obras/eg-juanmoreira.json
2026-09-17T15:00:46	OK	obras/eh-bolsahuesos.json
2026-09-17T15:00:52	OK	obras/eh-horaciokalibang.json
2026-09-17T15:00:57	OK	obras/eh-moralsocial.json
2026-09-17T15:01:04	OK	obras/eh-viajemaravilloso.json
2026-09-17T15:01:10	OK	obras/er-bola.json
2026-09-17T15:01:16	OK	obras/ercilla-araucana.json
2026-09-17T15:01:23	OK	obras/fa-historiacompania.json
2026-09-17T15:01:40	OK	obras/fa2-lecturasaraucanas.json
2026-09-17T15:01:46	OK	obras/fc-corruptorabuenamae.json
2026-09-17T15:01:52	OK	obras/fc-cosacumplidasoloen.json
2026-09-17T15:02:01	OK	obras/fc-dispersos.json
2026-09-17T15:02:08	OK	obras/fc-dosgracias.json
2026-09-17T15:02:14	OK	obras/fc-enotra.json
2026-09-17T15:02:21	OK	obras/fc-estrellavandalia.json
2026-09-17T15:02:27	OK	obras/fc-familiaalvareda.json
2026-09-17T15:02:33	OK	obras/fc-farisea.json
2026-09-17T15:02:40	OK	obras/fc-florruinas.json
2026-09-17T15:02:46	OK	obras/fc-justarufina.json
2026-09-17T15:02:53	OK	obras/fc-lagrimas.json
2026-09-17T15:02:59	OK	obras/fc-mitologiacontadani.json
2026-09-17T15:03:06	OK	obras/fc-notransigeconcienc.json
2026-09-17T15:03:12	OK	obras/fc-pobredolores.json
2026-09-17T15:03:18	OK	obras/fc-relaciones.json
2026-09-17T15:03:24	OK	obras/fc-semana3jueves.json
2026-09-17T15:03:30	OK	obras/fc-servilonliberalito.json
2026-09-17T15:03:37	OK	obras/fc-vulgaridadnobleza.json
2026-09-17T15:03:42	OK	obras/fc2-poetascolor.json
2026-09-17T15:03:50	OK	obras/fc3-vacuna.json
2026-09-17T15:03:55	OK	obras/fj-antologiapr.json
2026-09-17T15:04:02	OK	obras/fl-periquillosarnie.json
2026-09-17T15:04:07	OK	obras/fm-catamarca.json
2026-09-17T15:04:15	OK	obras/fm-cuentosfraymocho.json
2026-09-17T15:04:21	OK	obras/fm-esmeraldas.json
2026-09-17T15:04:27	OK	obras/fm-memoriasvigilant.json
2026-09-17T15:04:32	OK	obras/fv-escritospoliticos.json
2026-09-17T15:04:38	OK	obras/ga-artistabarquero.json
2026-09-17T15:04:45	OK	obras/ga-dolores.json
2026-09-17T15:04:51	OK	obras/ga-espatolino.json
2026-09-17T15:04:57	OK	obras/ga-guatimozinultimo.json
2026-09-17T15:05:03	OK	obras/ga-veladahelecho.json
2026-09-17T15:05:09	OK	obras/gana-diasdecampo.json
2026-09-17T15:05:15	OK	obras/gm-estudiosamerica.json
2026-09-17T15:05:21	OK	obras/gn-cuentoscolorhumo.json
2026-09-17T15:05:37	OK	obras/gn-dispersos.json
2026-09-17T15:05:43	OK	obras/gn-juanorganista.json
2026-09-17T15:05:50	OK	obras/gn-pordondesubeciel.json
2026-09-17T15:06:15	OK	obras/go-dispersos.json
2026-09-17T15:06:22	OK	obras/go-escenaslima.json
2026-09-17T15:06:28	OK	obras/go-feliza.json
2026-09-17T15:06:34	OK	obras/go-guantenegro.json
2026-09-17T15:06:40	OK	obras/go-hijadelmashorquero.json
2026-09-17T15:06:46	OK	obras/go-oasisenvida.json
2026-09-17T15:06:52	OK	obras/go-pozodelyocci.json
2026-09-17T15:06:59	OK	obras/go-quena.json
2026-09-17T15:07:05	OK	obras/go-visitaalmanicomio.json
2026-09-17T15:07:10	OK	obras/gp-viajeeeuui.json
2026-09-17T15:07:15	OK	obras/gp-viajeeeuuii.json
2026-09-17T15:07:21	OK	obras/gp-viajeeeuuiii.json
2026-09-17T15:07:27	OK	obras/guiraldes-cuentos.json
2026-09-17T15:07:33	OK	obras/guiraldes-donsegundo.json
2026-09-17T15:07:39	OK	obras/guiraldes-xaimaca.json
2026-09-17T15:07:46	OK	obras/gz-el-clis-de-sol.json
2026-09-17T15:07:52	OK	obras/hernandez-ida.json
2026-09-17T15:07:58	OK	obras/hernandez-vuelta.json
2026-09-17T15:08:43	OK	obras/hm-medicinachile.json
2026-09-17T15:08:53	OK	obras/huidobro-altazor.json
2026-09-17T15:09:03	FALLA	obras/huidobro-articos.json	ABORTADA: Esperaba 779 versos y encontré 867. Aborto para no generar una edición incompleta.
2026-09-17T15:09:14	FALLA	obras/huidobro-canciones.json	ABORTADA: capitulos: esperaba 27, encontré 28. Aborto para no generar una edición incompleta.
2026-09-17T15:09:21	OK	obras/huidobro-ecuatorial.json
2026-09-17T15:09:31	FALLA	obras/huidobro-gruta.json	ABORTADA: capitulos: esperaba 27, encontré 28. Aborto para no generar una edición incompleta.
2026-09-17T15:09:37	OK	obras/ig-comentariosreale.json
2026-09-17T15:09:44	OK	obras/ig-floridainca.json
2026-09-17T15:09:50	OK	obras/ip-manuellozadatigr.json
2026-09-17T15:09:56	OK	obras/isaacs-maria.json
2026-09-17T15:10:03	OK	obras/ja-veintediasgenova.json
2026-09-17T15:10:09	OK	obras/jb-donarramona.json
2026-09-17T15:10:15	OK	obras/jb-donarramonaotros.json
2026-09-17T15:10:21	OK	obras/jb-huerco.json
2026-09-17T15:10:27	OK	obras/jb-pecadoalejandral.json
2026-09-17T15:10:32	OK	obras/jb-sumaincas.json
2026-09-17T15:10:38	OK	obras/jc-amorquedormia.json
2026-09-17T15:10:44	OK	obras/jc-barraquera.json
2026-09-17T15:10:50	OK	obras/jc-caloryunca.json
2026-09-17T15:10:56	OK	obras/jc-derechoamor.json
2026-09-17T15:11:02	OK	obras/jc-incomprension.json
2026-09-17T15:11:09	OK	obras/jc-marujarosafrutac.json
2026-09-17T15:11:15	OK	obras/jc-montuvioecuatori.json
2026-09-17T15:11:21	OK	obras/jc-olgacatalina.json
2026-09-17T15:11:27	OK	obras/jc-repisas.json
2026-09-17T15:11:33	OK	obras/jc-sacristan.json
2026-09-17T15:11:39	OK	obras/jc-sangreexpiatoria.json
2026-09-17T15:11:45	OK	obras/ji-haciamoralsindog.json
2026-09-17T15:11:52	OK	obras/jm-amalia.json
2026-09-17T15:11:58	OK	obras/jr-inocentesoculpab.json
2026-09-17T15:12:05	OK	obras/jt-viajeislamallorc.json
2026-09-17T15:12:11	OK	obras/lastarria-antano.json
2026-09-17T15:12:17	OK	obras/lb-gotassangrecrime.json
2026-09-17T15:12:23	OK	obras/lb-huellasliteraria.json
2026-09-17T15:12:30	OK	obras/lillo-completos.json
2026-09-17T15:12:36	OK	obras/lillo-subsole.json
2026-09-17T15:12:42	OK	obras/lillo-subterra.json
2026-09-17T15:12:47	OK	obras/ll-granaldea.json
2026-09-17T15:12:56	OK	obras/lm-dispersos.json
2026-09-17T15:13:01	OK	obras/lm-ranquelesi.json
2026-09-17T15:13:06	OK	obras/lm-ranquelesii.json
2026-09-17T15:13:13	OK	obras/lu-angelsombra.json
2026-09-17T15:13:18	OK	obras/lu-corazonjuglar.json
2026-09-17T15:13:24	OK	obras/lu-cuentos.json
2026-09-17T15:13:38	OK	obras/lu-dispersos.json
2026-09-17T15:13:44	OK	obras/lu-estampasviaje.json
2026-09-17T15:14:03	OK	obras/lu-fuerzasextranas.json
2026-09-17T15:14:09	OK	obras/lu-guerragaucha.json
2026-09-17T15:14:15	OK	obras/lu-imperiojesuitico.json
2026-09-17T15:14:21	OK	obras/lu-ojosreina.json
2026-09-17T15:14:27	OK	obras/lu-punal.json
2026-09-17T15:14:35	OK	obras/lu2-tamanoespacio.json
2026-09-17T15:14:40	OK	obras/lv-cuentoschile.json
2026-09-17T15:14:45	OK	obras/lv-cuentosnuncaacabar.json
2026-09-17T15:14:51	OK	obras/ma-la-linterna-magi.json
2026-09-17T15:14:57	OK	obras/ma-perico-paciencia.json
2026-09-17T15:15:03	OK	obras/machado-campos.json
2026-09-17T15:15:09	OK	obras/machado-soledades.json
2026-09-17T15:15:15	OK	obras/marti-abdala.json
2026-09-17T15:15:21	OK	obras/marti-amistad.json
2026-09-17T15:15:28	OK	obras/marti-amorconamor.json
2026-09-17T15:15:34	OK	obras/matto-aves.json
2026-09-17T15:15:40	OK	obras/mc-enviaje.json
2026-09-17T15:15:45	OK	obras/mc-juvenilia.json
2026-09-17T15:15:50	OK	obras/mg-contigopan.json
2026-09-17T15:15:57	OK	obras/montalvo-capitulos.json
2026-09-17T15:16:07	OK	obras/mq-comentarios.json
2026-09-17T15:16:13	OK	obras/mt-cuatroconferenci.json
2026-09-17T15:16:20	OK	obras/mz-desenganosamoros.json
2026-09-17T15:16:27	OK	obras/mz-novelasamorosase.json
2026-09-17T15:16:33	OK	obras/najera-fragiles.json
2026-09-17T15:16:39	OK	obras/ne-amnesia.json
2026-09-17T15:16:45	OK	obras/ne-cronicas.json
2026-09-17T15:16:51	OK	obras/ne-diablodesinteres.json
2026-09-17T15:16:57	OK	obras/ne-diamanteinquietu.json
2026-09-17T15:17:03	OK	obras/ne-mentira.json
2026-09-17T15:17:09	OK	obras/ne-sueno.json
2026-09-17T15:17:14	OK	obras/oc-quilito.json
2026-09-17T15:17:20	OK	obras/pa-coronapatriotica.json
2026-09-17T15:17:26	OK	obras/pa-excomunionfamosa.json
2026-09-17T15:17:32	OK	obras/pa-frailemonjacalla.json
2026-09-17T15:17:38	OK	obras/pa-gatitamariramosh.json
2026-09-17T15:17:44	OK	obras/pa-mejorestradicion.json
2026-09-17T15:17:50	OK	obras/pa-nadiesemuerehast.json
2026-09-17T15:17:56	OK	obras/pa-reymonte.json
2026-09-17T15:18:02	OK	obras/pa-tradicionesperua.json
2026-09-17T15:18:08	OK	obras/pa-tradicionessalsa.json
2026-09-17T15:18:14	OK	obras/palma-i.json
2026-09-17T15:18:20	OK	obras/palma-ii.json
2026-09-17T15:18:27	OK	obras/palma-iii.json
2026-09-17T15:18:34	OK	obras/pardobazan-madre.json
2026-09-17T15:18:40	OK	obras/pardobazan-pazos.json
2026-09-17T15:18:47	OK	obras/pardobazan-quimera.json
2026-09-17T15:18:53	OK	obras/pardobazan-tribuna.json
2026-09-17T15:19:00	OK	obras/payno-bandidos.json
2026-09-17T15:19:07	OK	obras/payno-fistol.json
2026-09-17T15:19:13	OK	obras/payro-laucha.json
2026-09-17T15:19:19	OK	obras/payro-nieto.json
2026-09-17T15:19:26	OK	obras/payro-pagochico.json
2026-09-17T15:19:33	OK	obras/pb-bucolica.json
2026-09-17T15:19:39	OK	obras/pb-cavernas.json
2026-09-17T15:19:45	OK	obras/pb-cisnevilamorta.json
2026-09-17T15:19:51	OK	obras/pb-comediapiadosa.json
2026-09-17T15:19:57	OK	obras/pb-cristiana.json
2026-09-17T15:20:03	OK	obras/pb-cuentosamor.json
2026-09-17T15:20:09	OK	obras/pb-cuentosantiguos.json
2026-09-17T15:20:15	OK	obras/pb-cuentosdramaticos.json
2026-09-17T15:20:21	OK	obras/pb-cuentosmarineda.json
2026-09-17T15:20:28	OK	obras/pb-cuentosnavidadanon.json
2026-09-17T15:20:35	OK	obras/pb-cuentosnavidadreye.json
2026-09-17T15:20:42	OK	obras/pb-cuentosnuevos.json
2026-09-17T15:20:48	OK	obras/pb-cuentospatria.json
2026-09-17T15:20:54	OK	obras/pb-cuentossacroprofan.json
2026-09-17T15:21:00	OK	obras/pb-cuentosterruno.json
2026-09-17T15:21:07	OK	obras/pb-cuentostierra.json
2026-09-17T15:21:13	OK	obras/pb-cuentostragicos.json
2026-09-17T15:21:19	OK	obras/pb-cuestionpalpitante.json
2026-09-17T15:21:25	OK	obras/pb-damajoven.json
2026-09-17T15:21:31	OK	obras/pb-donamilagros.json
2026-09-17T15:21:37	OK	obras/pb-fantasia.json
2026-09-17T15:21:43	OK	obras/pb-gotasangre.json
2026-09-17T15:21:50	OK	obras/pb-insolacion.json
2026-09-17T15:21:56	OK	obras/pb-insolacionmorrina.json
2026-09-17T15:22:02	OK	obras/pb-memoriassolteronad.json
2026-09-17T15:22:08	OK	obras/pb-misterio.json
2026-09-17T15:22:14	OK	obras/pb-morrina.json
2026-09-17T15:22:20	OK	obras/pb-ninoguzman.json
2026-09-17T15:22:27	OK	obras/pb-pascuallopez.json
2026-09-17T15:22:33	OK	obras/pb-piedraangular.json
2026-09-17T15:22:40	OK	obras/pb-prueba.json
2026-09-17T15:22:46	OK	obras/pb-saludobrujas.json
2026-09-17T15:22:52	OK	obras/pb-sirenanegra.json
2026-09-17T15:22:58	OK	obras/pb-tesorogaston.json
2026-09-17T15:23:04	OK	obras/pb-ultimafada.json
2026-09-17T15:23:10	OK	obras/pb-venganzaflores.json
2026-09-17T15:23:16	OK	obras/pb-viajenovios.json
2026-09-17T15:23:24	OK	obras/pg-19marzo2mayo.json
2026-09-17T15:23:30	OK	obras/pg-1marzo2mayo.json
2026-09-17T15:23:36	OK	obras/pg-7julio.json
2026-09-17T15:23:42	OK	obras/pg-abuelo.json
2026-09-17T15:23:48	OK	obras/pg-aitatettauen.json
2026-09-17T15:23:55	OK	obras/pg-amadeoi.json
2026-09-17T15:24:01	OK	obras/pg-amigomanso.json
2026-09-17T15:24:08	OK	obras/pg-angelguerra.json
2026-09-17T15:24:14	OK	obras/pg-apostolicos.json
2026-09-17T15:24:20	OK	obras/pg-articulofondo.json
2026-09-17T15:24:26	OK	obras/pg-audaz.json
2026-09-17T15:24:32	OK	obras/pg-ayacuchos.json
2026-09-17T15:24:38	OK	obras/pg-bailen.json
2026-09-17T15:24:45	OK	obras/pg-batallaarapiles.json
2026-09-17T15:24:51	OK	obras/pg-bodasreales.json
2026-09-17T15:24:57	OK	obras/pg-bringas.json
2026-09-17T15:25:04	OK	obras/pg-caballeroencanta.json
2026-09-17T15:25:10	OK	obras/pg-cadiz.json
2026-09-17T15:25:16	OK	obras/pg-campanamaestrazg.json
2026-09-17T15:25:22	OK	obras/pg-canovas.json
2026-09-17T15:25:29	OK	obras/pg-carlosvirapita.json
2026-09-17T15:25:35	OK	obras/pg-cartagosagunto.json
2026-09-17T15:25:41	OK	obras/pg-casashakespeare.json
2026-09-17T15:25:47	OK	obras/pg-celin.json
2026-09-17T15:25:53	OK	obras/pg-cienmilhijossanl.json
2026-09-17T15:25:59	OK	obras/pg-cortecarlosiv.json
2026-09-17T15:26:06	OK	obras/pg-desheredada.json
2026-09-17T15:26:17	OK	obras/pg-dispersos.json
2026-09-17T15:26:24	OK	obras/pg-doctorcenteno.json
2026-09-17T15:26:30	OK	obras/pg-donaperfecta.json
2026-09-17T15:26:36	OK	obras/pg-dondeestamicabez.json
2026-09-17T15:26:43	OK	obras/pg-duendescamarilla.json
2026-09-17T15:26:49	OK	obras/pg-electra.json
2026-09-17T15:26:56	OK	obras/pg-episodiosnaciona.json
2026-09-17T15:27:02	OK	obras/pg-equipajerey.json
2026-09-17T15:27:08	OK	obras/pg-espanasinrey.json
2026-09-17T15:27:14	OK	obras/pg-espanatragica.json
2026-09-17T15:27:21	OK	obras/pg-estafetaromantic.json
2026-09-17T15:27:27	OK	obras/pg-facciosomasalgun.json
2026-09-17T15:27:33	OK	obras/pg-familialeonroch.json
2026-09-17T15:27:40	OK	obras/pg-fontanaoro.json
2026-09-17T15:27:46	OK	obras/pg-gerona.json
2026-09-17T15:27:52	OK	obras/pg-gloria.json
2026-09-17T15:27:58	OK	obras/pg-grandeoriente.json
2026-09-17T15:28:06	OK	obras/pg-halma.json
2026-09-17T15:28:12	OK	obras/pg-incognita.json
2026-09-17T15:28:18	OK	obras/pg-industriaquevive.json
2026-09-17T15:28:24	OK	obras/pg-juanmartinempeci.json
2026-09-17T15:28:30	OK	obras/pg-junio.json
2026-09-17T15:28:36	OK	obras/pg-locacasa.json
2026-09-17T15:28:43	OK	obras/pg-loprohibido.json
2026-09-17T15:28:49	OK	obras/pg-luchana.json
2026-09-17T15:28:55	OK	obras/pg-marianela.json
2026-09-17T15:29:01	OK	obras/pg-memoriascortesan.json
2026-09-17T15:29:07	OK	obras/pg-mendizabal.json
2026-09-17T15:29:14	OK	obras/pg-miau.json
2026-09-17T15:29:20	OK	obras/pg-misericordia.json
2026-09-17T15:29:26	OK	obras/pg-montesoca.json
2026-09-17T15:29:32	OK	obras/pg-mulabuey.json
2026-09-17T15:29:38	OK	obras/pg-napoleonchamarti.json
2026-09-17T15:29:44	OK	obras/pg-narvaez.json
2026-09-17T15:29:51	OK	obras/pg-nazarin.json
2026-09-17T15:29:58	OK	obras/pg-novelatranvia.json
2026-09-17T15:30:04	OK	obras/pg-odonnell.json
2026-09-17T15:30:10	OK	obras/pg-onategranja.json
2026-09-17T15:30:15	OK	obras/pg-platan.json
2026-09-17T15:30:22	OK	obras/pg-plumaviento.json
2026-09-17T15:30:29	OK	obras/pg-prim.json
2026-09-17T15:30:35	OK	obras/pg-primerarepublica.json
2026-09-17T15:30:41	OK	obras/pg-princesagranuja.json
2026-09-17T15:30:47	OK	obras/pg-razonsinrazon.json
2026-09-17T15:30:53	OK	obras/pg-realidad.json
2026-09-17T15:30:59	OK	obras/pg-revolucionjulio.json
2026-09-17T15:31:05	OK	obras/pg-sanquintin.json
2026-09-17T15:31:11	OK	obras/pg-segundacasaca.json
2026-09-17T15:31:19	OK	obras/pg-sombra.json
2026-09-17T15:31:25	OK	obras/pg-terror1824.json
2026-09-17T15:31:31	OK	obras/pg-theros.json
2026-09-17T15:31:37	OK	obras/pg-tormentas48.json
2026-09-17T15:31:43	OK	obras/pg-tormento.json
2026-09-17T15:31:49	OK	obras/pg-torquemadacruz.json
2026-09-17T15:31:55	OK	obras/pg-torquemadahoguer.json
2026-09-17T15:32:02	OK	obras/pg-torquemadapurgat.json
2026-09-17T15:32:08	OK	obras/pg-torquemadasanped.json
2026-09-17T15:32:14	OK	obras/pg-trafalgar.json
2026-09-17T15:32:20	OK	obras/pg-tribunalliterari.json
2026-09-17T15:32:26	OK	obras/pg-tristana.json
2026-09-17T15:32:32	OK	obras/pg-tristesdestinos.json
2026-09-17T15:32:38	OK	obras/pg-tropiquillos.json
2026-09-17T15:32:44	OK	obras/pg-vergara.json
2026-09-17T15:32:51	OK	obras/pg-voluntariorealis.json
2026-09-17T15:32:57	OK	obras/pg-vueltaitalia.json
2026-09-17T15:33:03	OK	obras/pg-vueltamundonuman.json
2026-09-17T15:33:09	OK	obras/pg-zaragoza.json
2026-09-17T15:33:15	OK	obras/pg-zumalacarregui.json
2026-09-17T15:33:21	OK	obras/pg2-conquistahabana.json
2026-09-17T15:33:27	OK	obras/pp-comediainmortal.json
2026-09-17T15:33:33	OK	obras/pp-debora.json
2026-09-17T15:33:46	OK	obras/pp-dispersos.json
2026-09-17T15:33:52	OK	obras/pp-genteprovincias.json
2026-09-17T15:33:59	OK	obras/pp-hombremuertopunt.json
2026-09-17T15:34:05	OK	obras/pp-rositaelguero.json
2026-09-17T15:34:11	OK	obras/pp-vidaahorcado.json
2026-09-17T15:34:18	OK	obras/quiroga-amor.json
2026-09-17T15:34:25	OK	obras/quiroga-amorturbio.json
2026-09-17T15:34:32	OK	obras/quiroga-anacondacuentos.json
2026-09-17T15:34:38	OK	obras/quiroga-animales.json
2026-09-17T15:34:44	OK	obras/quiroga-arrecifes.json
2026-09-17T15:34:50	OK	obras/quiroga-artecontar.json
2026-09-17T15:36:38	OK	obras/quiroga-articulos.json
2026-09-17T15:36:44	OK	obras/quiroga-biografias.json
2026-09-17T15:36:51	OK	obras/quiroga-cazador.json
2026-09-17T15:36:57	OK	obras/quiroga-crimenotro.json
2026-09-17T15:37:03	OK	obras/quiroga-cuadrivio.json
2026-09-17T15:37:09	OK	obras/quiroga-desierto.json
2026-09-17T15:37:15	OK	obras/quiroga-desterrados.json
2026-09-17T15:37:21	OK	obras/quiroga-diarioparis.json
2026-09-17T15:37:27	OK	obras/quiroga-estrenos.json
2026-09-17T15:37:33	OK	obras/quiroga-fronterizos.json
2026-09-17T15:37:39	OK	obras/quiroga-idilio.json
2026-09-17T15:37:45	OK	obras/quiroga-mariaangelica.json
2026-09-17T15:37:51	OK	obras/quiroga-masalla.json
2026-09-17T15:38:45	OK	obras/quiroga-norecogidos.json
2026-09-17T15:38:51	OK	obras/quiroga-pasadoamor.json
2026-09-17T15:38:57	OK	obras/quiroga-primogenito.json
2026-09-17T15:39:03	OK	obras/quiroga-sacrificadas.json
2026-09-17T15:39:09	OK	obras/quiroga-salvajecuentos.json
2026-09-17T15:39:15	OK	obras/quiroga-selva.json
2026-09-17T15:39:21	OK	obras/quiroga-soldado.json
2026-09-17T15:39:28	OK	obras/quiroga-suelonatal.json
2026-09-17T15:39:34	OK	obras/ra-favoresmundo.json
2026-09-17T15:39:40	OK	obras/ra-verdadsospechosa.json
2026-09-17T15:39:46	OK	obras/rb-buondelmonti.json
2026-09-17T15:39:53	OK	obras/rb-cesarea.json
2026-09-17T15:39:59	OK	obras/rb-nocheraso.json
2026-09-17T15:40:05	OK	obras/rb-reybufon.json
2026-09-17T15:40:11	OK	obras/rc-caballerobotasaz.json
2026-09-17T15:40:20	OK	obras/rc-dispersos.json
2026-09-17T15:40:27	OK	obras/rc-flavio.json
2026-09-17T15:40:33	OK	obras/rc-flor.json
2026-09-17T15:40:39	OK	obras/rc-mimadre.json
2026-09-17T15:40:45	OK	obras/rc-primerloco.json
2026-09-17T15:40:50	OK	obras/rc-recuerdosii.json
2026-09-17T15:40:55	OK	obras/rc-reglasconsejos.json
2026-09-17T15:41:01	OK	obras/rd-adolfo.json
2026-09-17T15:41:08	OK	obras/rd-angelina.json
2026-09-17T15:41:13	OK	obras/rd-asesinatopalmaso.json
2026-09-17T15:41:20	OK	obras/rd-calandria.json
2026-09-17T15:41:26	OK	obras/rd-chachalaca.json
2026-09-17T15:41:32	OK	obras/rd-cuentosnotas.json
2026-09-17T15:41:38	OK	obras/rd-desertor.json
2026-09-17T15:41:44	OK	obras/rd-misamadrugada.json
2026-09-17T15:41:50	OK	obras/rd-miunicamentira.json
2026-09-17T15:41:56	OK	obras/rd-parientesricos.json
2026-09-17T15:42:02	OK	obras/rd-torooo.json
2026-09-17T15:42:08	OK	obras/rg-luciamiranda.json
2026-09-17T15:43:41	OK	obras/rg2-maravillascielo.json
2026-09-17T15:43:47	OK	obras/rimas.json
2026-09-17T15:43:53	OK	obras/riquelme-bajolatienda.json
2026-09-17T15:44:00	OK	obras/rivera-voragine.json
2026-09-17T15:44:05	OK	obras/rl-descripcioni.json
2026-09-17T15:44:10	OK	obras/rl-descripcionii.json
2026-09-17T15:44:16	OK	obras/rodo-ariel.json
2026-09-17T15:44:23	OK	obras/rodo-proteo.json
2026-09-17T15:44:29	OK	obras/rosalia-hijadelmar.json
2026-09-17T15:44:35	OK	obras/rosalia-sar.json
2026-09-17T15:44:41	OK	obras/rp-calvariotabor.json
2026-09-17T15:44:48	OK	obras/rp-ceros.json
2026-09-17T15:44:54	OK	obras/rp-cuentosgeneral.json
2026-09-17T15:45:00	OK	obras/rp-dosemparedadas.json
2026-09-17T15:45:07	OK	obras/rp-martingaratuza.json
2026-09-17T15:45:13	OK	obras/rp-memoriasimpostor.json
2026-09-17T15:45:20	OK	obras/rp-monjacasadavirge.json
2026-09-17T15:45:26	OK	obras/rp-piratasgolfo.json
2026-09-17T15:45:34	OK	obras/rp-vueltamuertos.json
2026-09-17T15:45:40	OK	obras/sa-crimen.json
2026-09-17T15:45:46	OK	obras/sa-estadosunidos.json
2026-09-17T15:45:52	OK	obras/sa-mercedes.json
2026-09-17T15:45:58	OK	obras/sa-piratasencartagena.json
2026-09-17T15:46:04	OK	obras/sa-teresalimena.json
2026-09-17T15:46:11	OK	obras/sarmiento-facundo.json
2026-09-17T15:46:17	OK	obras/sarmiento-recuerdos.json
2026-09-17T15:46:22	OK	obras/sb-loquedicehistoria.json
2026-09-17T15:46:27	OK	obras/sb-rafaelcordero.json
2026-09-17T15:46:33	OK	obras/sg-florpiel.json
2026-09-17T15:46:39	OK	obras/silva-cuentos.json
2026-09-17T15:46:45	OK	obras/silva-sobremesa.json
2026-09-17T15:46:51	OK	obras/sorjuana-poemas.json
2026-09-17T15:46:57	OK	obras/tc-articulosligeros.json
2026-09-17T15:47:03	OK	obras/tc-articulosligerosx.json
2026-09-17T15:47:09	OK	obras/tc-bailecochino.json
2026-09-17T15:47:16	OK	obras/tc-comercianteperla.json
2026-09-17T15:47:22	OK	obras/tc-ensaladapollos.json
2026-09-17T15:47:28	OK	obras/tc-estampassigloxix.json
2026-09-17T15:47:34	OK	obras/tc-fuerenos.json
2026-09-17T15:47:42	OK	obras/tc-gabrielcerrajero.json
2026-09-17T15:47:48	OK	obras/tc-gentesquesonasi.json
2026-09-17T15:47:55	OK	obras/tc-historiachuchoni.json
2026-09-17T15:48:02	OK	obras/tc-isolinaexfiguran.json
2026-09-17T15:48:08	OK	obras/tc-jamonas.json
2026-09-17T15:48:14	OK	obras/tc-mariditos.json
2026-09-17T15:48:20	OK	obras/tc-nochebuena.json
2026-09-17T15:48:26	OK	obras/tc-posadas.json
2026-09-17T15:48:32	OK	obras/tc-vistazos.json
2026-09-17T15:48:37	OK	obras/tf-patagonia.json
2026-09-17T15:48:43	OK	obras/tw-cuentosparahombr.json
2026-09-17T15:48:49	OK	obras/tw-inquietudessenti.json
2026-09-17T15:48:55	OK	obras/unamuno-abel.json
2026-09-17T15:49:01	OK	obras/unamuno-amorped.json
2026-09-17T15:49:07	OK	obras/unamuno-espejo.json
2026-09-17T15:49:13	OK	obras/unamuno-niebla.json
2026-09-17T15:49:20	OK	obras/unamuno-paz.json
2026-09-17T15:49:26	OK	obras/unamuno-sanmanuel.json
2026-09-17T15:49:32	OK	obras/va-algotodo.json
2026-09-17T15:49:38	OK	obras/va-asclepigenia.json
2026-09-17T15:49:45	OK	obras/va-buenafama.json
2026-09-17T15:49:51	OK	obras/va-caballeroazor.json
2026-09-17T15:49:57	OK	obras/va-campesinopr.json
2026-09-17T15:50:03	OK	obras/va-cartasamericanas.json
2026-09-17T15:50:09	OK	obras/va-comendadormendoza.json
2026-09-17T15:50:15	OK	obras/va-cuentoschascarrill.json
2026-09-17T15:50:21	OK	obras/va-cuentosdialogos.json
2026-09-17T15:50:27	OK	obras/va-donaluz.json
2026-09-17T15:50:34	OK	obras/va-garudaociguenablan.json
2026-09-17T15:50:40	OK	obras/va-geniofigura.json
2026-09-17T15:50:46	OK	obras/va-juanitalarga.json
2026-09-17T15:50:52	OK	obras/va-leyendasantiguoori.json
2026-09-17T15:50:58	OK	obras/va-mariquitaantonio.json
2026-09-17T15:51:04	OK	obras/va-morsamor.json
2026-09-17T15:51:11	OK	obras/va-nuevascartasameric.json
2026-09-17T15:51:17	OK	obras/va-pasarselisto.json
2026-09-17T15:51:23	OK	obras/va-superhombreotrasno.json
2026-09-17T15:51:29	OK	obras/va-varioscolores.json
2026-09-17T15:51:35	OK	obras/va-vuelapluma.json
2026-09-17T15:51:41	OK	obras/vallejo-pacoyunque.json
2026-09-17T15:51:48	OK	obras/vallejo-tungsteno.json
2026-09-17T15:51:54	OK	obras/vi-aguilablason.json
2026-09-17T15:52:00	OK	obras/vi-bastardonarizotas.json
2026-09-17T15:52:07	OK	obras/vi-bazaespadas.json
2026-09-17T15:52:13	OK	obras/vi-caradios.json
2026-09-17T15:52:19	OK	obras/vi-caraplata.json
2026-09-17T15:52:25	OK	obras/vi-comediasbarbaras.json
2026-09-17T15:52:31	OK	obras/vi-corteamor.json
2026-09-17T15:52:38	OK	obras/vi-cortemilagros.json
2026-09-17T15:52:44	OK	obras/vi-cruzadoscausa.json
2026-09-17T15:52:50	OK	obras/vi-divinaspalabras.json
2026-09-17T15:52:56	OK	obras/vi-epitalamio.json
2026-09-17T15:53:02	OK	obras/vi-femeninas.json
2026-09-17T15:53:08	OK	obras/vi-finrevolucionario.json
2026-09-17T15:53:14	OK	obras/vi-floralmendro.json
2026-09-17T15:53:20	OK	obras/vi-florsantidad.json
2026-09-17T15:53:26	OK	obras/vi-gerifaltesantano.json
2026-09-17T15:53:32	OK	obras/vi-jardinumbrio.json
2026-09-17T15:53:38	OK	obras/vi-lamparamaravillosa.json
2026-09-17T15:53:44	OK	obras/vi-lucesbohemia.json
2026-09-17T15:53:50	OK	obras/vi-marquesbradomin.json
2026-09-17T15:53:56	OK	obras/vi-martescarnaval.json
2026-09-17T15:54:02	OK	obras/vi-medianoche.json
2026-09-17T15:54:08	OK	obras/vi-mihermanaantonia.json
2026-09-17T15:54:14	OK	obras/vi-pipakif.json
2026-09-17T15:54:20	OK	obras/vi-resplandorhoguera.json
2026-09-17T15:54:26	OK	obras/vi-retabloavaricialuj.json
2026-09-17T15:54:32	OK	obras/vi-romancelobos.json
2026-09-17T15:54:39	OK	obras/vi-tabladomarionetasp.json
2026-09-17T15:54:45	OK	obras/vi-teatrilloenredo.json
2026-09-17T15:54:51	OK	obras/vi-tertuliaantano.json
2026-09-17T15:54:57	OK	obras/vi-tiranobanderas.json
2026-09-17T15:55:03	OK	obras/vi-truenodorado.json
2026-09-17T15:55:10	OK	obras/vi-vivamidueno.json
2026-09-17T15:55:16	OK	obras/vi-yermoalmas.json
2026-09-17T15:55:22	OK	obras/viana-abrojos.json
2026-09-17T15:55:28	OK	obras/viana-bibliagaucha.json
2026-09-17T15:55:34	OK	obras/viana-campo.json
2026-09-17T15:55:40	OK	obras/viana-campoyciudad.json
2026-09-17T15:55:46	OK	obras/viana-cardos.json
2026-09-17T15:56:04	OK	obras/viana-dispersos.json
2026-09-17T15:56:10	OK	obras/viana-guri.json
2026-09-17T15:56:16	OK	obras/viana-lenaseca.json
2026-09-17T15:56:23	OK	obras/viana-macachines.json
2026-09-17T15:56:29	OK	obras/viana-paisanas.json
2026-09-17T15:56:35	OK	obras/viana-potros.json
2026-09-17T15:56:41	OK	obras/viana-ranchos.json
2026-09-17T15:56:47	OK	obras/viana-tardesfogon.json
2026-09-17T15:56:53	OK	obras/viana-yuyos.json
2026-09-17T15:56:59	OK	obras/vv-aura.json
2026-09-17T15:57:05	OK	obras/xv-cuadro.json
2026-09-17T15:57:05	FIN	ok=680	fallos=3
2026-09-18T12:46:26	INICIO	3 pendientes	pausa=5.0s
2026-09-18T12:46:29	FALLA	obras/huidobro-articos.json	ABORTADA: Esperaba 779 versos y encontré 867. Aborto para no generar una edición incompleta.
2026-09-18T12:46:38	FALLA	obras/huidobro-canciones.json	ABORTADA: capitulos: esperaba 27, encontré 28. Aborto para no generar una edición incompleta.
2026-09-18T12:46:45	FALLA	obras/huidobro-gruta.json	ABORTADA: capitulos: esperaba 27, encontré 28. Aborto para no generar una edición incompleta.
2026-09-18T12:46:45	FIN	ok=0	fallos=3
